--- Tue Sep  9 22:37:44 UTC 2025 ---
CPU:  22:37:44 up 7 min,  2 users,  load average: 0.01, 0.24, 0.19
MEMORY:
               total        used        free      shared  buff/cache   available
Mem:           6.8Gi       327Mi       5.7Gi       3.0Mi       816Mi       6.2Gi
Swap:             0B          0B          0B
DISK:
Filesystem      Size  Used Avail Use% Mounted on
/dev/root        29G  2.8G   27G  10% /
NET:
2: eth0: <BROADCAST,MULTICAST,UP,LOWER_UP> mtu 1500 qdisc mq state UP mode DEFAULT group default qlen 1000
--- Tue Sep  9 22:37:49 UTC 2025 ---
CPU:  22:37:49 up 7 min,  2 users,  load average: 0.00, 0.24, 0.19
MEMORY:
               total        used        free      shared  buff/cache   available
Mem:           6.8Gi       328Mi       5.7Gi       3.0Mi       816Mi       6.2Gi
Swap:             0B          0B          0B
DISK:
Filesystem      Size  Used Avail Use% Mounted on
/dev/root        29G  2.8G   27G  10% /
NET:
2: eth0: <BROADCAST,MULTICAST,UP,LOWER_UP> mtu 1500 qdisc mq state UP mode DEFAULT group default qlen 1000
--- Tue Sep  9 22:37:54 UTC 2025 ---
CPU:  22:37:54 up 7 min,  2 users,  load average: 0.00, 0.24, 0.19
MEMORY:
               total        used        free      shared  buff/cache   available
Mem:           6.8Gi       327Mi       5.7Gi       3.0Mi       816Mi       6.2Gi
Swap:             0B          0B          0B
DISK:
Filesystem      Size  Used Avail Use% Mounted on
/dev/root        29G  2.8G   27G  10% /
NET:
2: eth0: <BROADCAST,MULTICAST,UP,LOWER_UP> mtu 1500 qdisc mq state UP mode DEFAULT group default qlen 1000
--- Tue Sep  9 22:37:59 UTC 2025 ---
CPU:  22:37:59 up 7 min,  2 users,  load average: 0.00, 0.23, 0.19
MEMORY:
               total        used        free      shared  buff/cache   available
Mem:           6.8Gi       328Mi       5.7Gi       3.0Mi       816Mi       6.2Gi
Swap:             0B          0B          0B
DISK:
Filesystem      Size  Used Avail Use% Mounted on
/dev/root        29G  2.8G   27G  10% /
NET:
2: eth0: <BROADCAST,MULTICAST,UP,LOWER_UP> mtu 1500 qdisc mq state UP mode DEFAULT group default qlen 1000
--- Tue Sep  9 22:38:04 UTC 2025 ---
CPU:  22:38:04 up 7 min,  2 users,  load average: 0.00, 0.23, 0.19
MEMORY:
               total        used        free      shared  buff/cache   available
Mem:           6.8Gi       327Mi       5.7Gi       3.0Mi       816Mi       6.2Gi
Swap:             0B          0B          0B
DISK:
Filesystem      Size  Used Avail Use% Mounted on
/dev/root        29G  2.8G   27G  10% /
NET:
2: eth0: <BROADCAST,MULTICAST,UP,LOWER_UP> mtu 1500 qdisc mq state UP mode DEFAULT group default qlen 1000
--- Tue Sep  9 22:38:09 UTC 2025 ---
CPU:  22:38:09 up 7 min,  2 users,  load average: 0.00, 0.22, 0.18
MEMORY:
               total        used        free      shared  buff/cache   available
Mem:           6.8Gi       327Mi       5.7Gi       3.0Mi       816Mi       6.2Gi
Swap:             0B          0B          0B
DISK:
Filesystem      Size  Used Avail Use% Mounted on
/dev/root        29G  2.8G   27G  10% /
NET:
2: eth0: <BROADCAST,MULTICAST,UP,LOWER_UP> mtu 1500 qdisc mq state UP mode DEFAULT group default qlen 1000
--- Tue Sep  9 22:38:14 UTC 2025 ---
CPU:  22:38:14 up 8 min,  2 users,  load average: 0.00, 0.22, 0.18
MEMORY:
               total        used        free      shared  buff/cache   available
Mem:           6.8Gi       328Mi       5.7Gi       3.0Mi       816Mi       6.2Gi
Swap:             0B          0B          0B
DISK:
Filesystem      Size  Used Avail Use% Mounted on
/dev/root        29G  2.8G   27G  10% /
NET:
2: eth0: <BROADCAST,MULTICAST,UP,LOWER_UP> mtu 1500 qdisc mq state UP mode DEFAULT group default qlen 1000
--- Tue Sep  9 22:38:19 UTC 2025 ---
CPU:  22:38:19 up 8 min,  2 users,  load average: 0.00, 0.22, 0.18
MEMORY:
               total        used        free      shared  buff/cache   available
Mem:           6.8Gi       327Mi       5.7Gi       3.0Mi       816Mi       6.2Gi
Swap:             0B          0B          0B
DISK:
Filesystem      Size  Used Avail Use% Mounted on
/dev/root        29G  2.8G   27G  10% /
NET:
2: eth0: <BROADCAST,MULTICAST,UP,LOWER_UP> mtu 1500 qdisc mq state UP mode DEFAULT group default qlen 1000
--- Tue Sep  9 22:38:24 UTC 2025 ---
CPU:  22:38:24 up 8 min,  2 users,  load average: 0.00, 0.21, 0.18
MEMORY:
               total        used        free      shared  buff/cache   available
Mem:           6.8Gi       327Mi       5.7Gi       3.0Mi       816Mi       6.2Gi
Swap:             0B          0B          0B
DISK:
Filesystem      Size  Used Avail Use% Mounted on
/dev/root        29G  2.8G   27G  10% /
NET:
2: eth0: <BROADCAST,MULTICAST,UP,LOWER_UP> mtu 1500 qdisc mq state UP mode DEFAULT group default qlen 1000
--- Tue Sep  9 22:38:29 UTC 2025 ---
CPU:  22:38:29 up 8 min,  2 users,  load average: 0.00, 0.21, 0.18
MEMORY:
               total        used        free      shared  buff/cache   available
Mem:           6.8Gi       327Mi       5.7Gi       3.0Mi       816Mi       6.2Gi
Swap:             0B          0B          0B
DISK:
Filesystem      Size  Used Avail Use% Mounted on
/dev/root        29G  2.8G   27G  10% /
NET:
2: eth0: <BROADCAST,MULTICAST,UP,LOWER_UP> mtu 1500 qdisc mq state UP mode DEFAULT group default qlen 1000
--- Tue Sep  9 22:44:23 UTC 2025 ---
CPU:  22:44:23 up 14 min,  2 users,  load average: 0.00, 0.05, 0.11
MEMORY:
               total        used        free      shared  buff/cache   available
Mem:           6.8Gi       317Mi       5.7Gi       3.0Mi       817Mi       6.2Gi
Swap:             0B          0B          0B
DISK:
Filesystem      Size  Used Avail Use% Mounted on
/dev/root        29G  2.8G   27G  10% /
NET:
2: eth0: <BROADCAST,MULTICAST,UP,LOWER_UP> mtu 1500 qdisc mq state UP mode DEFAULT group default qlen 1000
--- Tue Sep  9 22:44:28 UTC 2025 ---
CPU:  22:44:28 up 14 min,  2 users,  load average: 0.00, 0.05, 0.11
MEMORY:
               total        used        free      shared  buff/cache   available
Mem:           6.8Gi       317Mi       5.7Gi       3.0Mi       818Mi       6.2Gi
Swap:             0B          0B          0B
DISK:
Filesystem      Size  Used Avail Use% Mounted on
/dev/root        29G  2.8G   27G  10% /
NET:
2: eth0: <BROADCAST,MULTICAST,UP,LOWER_UP> mtu 1500 qdisc mq state UP mode DEFAULT group default qlen 1000
--- Tue Sep  9 22:44:33 UTC 2025 ---
CPU:  22:44:33 up 14 min,  2 users,  load average: 0.00, 0.05, 0.11
MEMORY:
               total        used        free      shared  buff/cache   available
Mem:           6.8Gi       317Mi       5.7Gi       3.0Mi       818Mi       6.2Gi
Swap:             0B          0B          0B
DISK:
Filesystem      Size  Used Avail Use% Mounted on
/dev/root        29G  2.8G   27G  10% /
NET:
2: eth0: <BROADCAST,MULTICAST,UP,LOWER_UP> mtu 1500 qdisc mq state UP mode DEFAULT group default qlen 1000
--- Tue Sep  9 22:44:38 UTC 2025 ---
CPU:  22:44:38 up 14 min,  2 users,  load average: 0.00, 0.05, 0.11
MEMORY:
               total        used        free      shared  buff/cache   available
Mem:           6.8Gi       318Mi       5.7Gi       3.0Mi       818Mi       6.2Gi
Swap:             0B          0B          0B
DISK:
Filesystem      Size  Used Avail Use% Mounted on
/dev/root        29G  2.8G   27G  10% /
NET:
2: eth0: <BROADCAST,MULTICAST,UP,LOWER_UP> mtu 1500 qdisc mq state UP mode DEFAULT group default qlen 1000
--- Tue Sep  9 22:44:43 UTC 2025 ---
CPU:  22:44:43 up 14 min,  2 users,  load average: 0.00, 0.05, 0.11
MEMORY:
               total        used        free      shared  buff/cache   available
Mem:           6.8Gi       318Mi       5.7Gi       3.0Mi       818Mi       6.2Gi
Swap:             0B          0B          0B
DISK:
Filesystem      Size  Used Avail Use% Mounted on
/dev/root        29G  2.8G   27G  10% /
NET:
2: eth0: <BROADCAST,MULTICAST,UP,LOWER_UP> mtu 1500 qdisc mq state UP mode DEFAULT group default qlen 1000
--- Tue Sep  9 22:44:48 UTC 2025 ---
CPU:  22:44:48 up 14 min,  2 users,  load average: 0.00, 0.05, 0.11
MEMORY:
               total        used        free      shared  buff/cache   available
Mem:           6.8Gi       318Mi       5.7Gi       3.0Mi       818Mi       6.2Gi
Swap:             0B          0B          0B
DISK:
Filesystem      Size  Used Avail Use% Mounted on
/dev/root        29G  2.8G   27G  10% /
NET:
2: eth0: <BROADCAST,MULTICAST,UP,LOWER_UP> mtu 1500 qdisc mq state UP mode DEFAULT group default qlen 1000
--- Tue Sep  9 22:44:53 UTC 2025 ---
CPU:  22:44:53 up 14 min,  2 users,  load average: 0.00, 0.05, 0.10
MEMORY:
               total        used        free      shared  buff/cache   available
Mem:           6.8Gi       318Mi       5.7Gi       3.0Mi       818Mi       6.2Gi
Swap:             0B          0B          0B
DISK:
Filesystem      Size  Used Avail Use% Mounted on
/dev/root        29G  2.8G   27G  10% /
NET:
2: eth0: <BROADCAST,MULTICAST,UP,LOWER_UP> mtu 1500 qdisc mq state UP mode DEFAULT group default qlen 1000
--- Tue Sep  9 22:44:58 UTC 2025 ---
CPU:  22:44:58 up 14 min,  2 users,  load average: 0.00, 0.05, 0.10
MEMORY:
               total        used        free      shared  buff/cache   available
Mem:           6.8Gi       318Mi       5.7Gi       3.0Mi       818Mi       6.2Gi
Swap:             0B          0B          0B
DISK:
Filesystem      Size  Used Avail Use% Mounted on
/dev/root        29G  2.8G   27G  10% /
NET:
2: eth0: <BROADCAST,MULTICAST,UP,LOWER_UP> mtu 1500 qdisc mq state UP mode DEFAULT group default qlen 1000
--- Tue Sep  9 22:45:03 UTC 2025 ---
CPU:  22:45:03 up 14 min,  2 users,  load average: 0.00, 0.05, 0.10
MEMORY:
               total        used        free      shared  buff/cache   available
Mem:           6.8Gi       318Mi       5.7Gi       3.0Mi       818Mi       6.2Gi
Swap:             0B          0B          0B
DISK:
Filesystem      Size  Used Avail Use% Mounted on
/dev/root        29G  2.8G   27G  10% /
NET:
2: eth0: <BROADCAST,MULTICAST,UP,LOWER_UP> mtu 1500 qdisc mq state UP mode DEFAULT group default qlen 1000
--- Tue Sep  9 22:45:08 UTC 2025 ---
CPU:  22:45:08 up 14 min,  2 users,  load average: 0.00, 0.04, 0.10
MEMORY:
               total        used        free      shared  buff/cache   available
Mem:           6.8Gi       318Mi       5.7Gi       3.0Mi       818Mi       6.2Gi
Swap:             0B          0B          0B
DISK:
Filesystem      Size  Used Avail Use% Mounted on
/dev/root        29G  2.8G   27G  10% /
NET:
2: eth0: <BROADCAST,MULTICAST,UP,LOWER_UP> mtu 1500 qdisc mq state UP mode DEFAULT group default qlen 1000
--- Tue Sep  9 22:45:13 UTC 2025 ---
CPU:  22:45:13 up 15 min,  2 users,  load average: 0.00, 0.04, 0.10
MEMORY:
               total        used        free      shared  buff/cache   available
Mem:           6.8Gi       318Mi       5.7Gi       3.0Mi       818Mi       6.2Gi
Swap:             0B          0B          0B
DISK:
Filesystem      Size  Used Avail Use% Mounted on
/dev/root        29G  2.8G   27G  10% /
NET:
2: eth0: <BROADCAST,MULTICAST,UP,LOWER_UP> mtu 1500 qdisc mq state UP mode DEFAULT group default qlen 1000
--- Tue Sep  9 22:45:18 UTC 2025 ---
CPU:  22:45:19 up 15 min,  2 users,  load average: 0.00, 0.04, 0.10
MEMORY:
               total        used        free      shared  buff/cache   available
Mem:           6.8Gi       318Mi       5.7Gi       3.0Mi       818Mi       6.2Gi
Swap:             0B          0B          0B
DISK:
Filesystem      Size  Used Avail Use% Mounted on
/dev/root        29G  2.8G   27G  10% /
NET:
2: eth0: <BROADCAST,MULTICAST,UP,LOWER_UP> mtu 1500 qdisc mq state UP mode DEFAULT group default qlen 1000
--- Tue Sep  9 22:45:24 UTC 2025 ---
CPU:  22:45:24 up 15 min,  2 users,  load average: 0.00, 0.04, 0.10
MEMORY:
               total        used        free      shared  buff/cache   available
Mem:           6.8Gi       318Mi       5.7Gi       3.0Mi       818Mi       6.2Gi
Swap:             0B          0B          0B
DISK:
Filesystem      Size  Used Avail Use% Mounted on
/dev/root        29G  2.8G   27G  10% /
NET:
2: eth0: <BROADCAST,MULTICAST,UP,LOWER_UP> mtu 1500 qdisc mq state UP mode DEFAULT group default qlen 1000
--- Tue Sep  9 22:45:29 UTC 2025 ---
CPU:  22:45:29 up 15 min,  2 users,  load average: 0.00, 0.04, 0.10
MEMORY:
               total        used        free      shared  buff/cache   available
Mem:           6.8Gi       318Mi       5.7Gi       3.0Mi       818Mi       6.2Gi
Swap:             0B          0B          0B
DISK:
Filesystem      Size  Used Avail Use% Mounted on
/dev/root        29G  2.8G   27G  10% /
NET:
2: eth0: <BROADCAST,MULTICAST,UP,LOWER_UP> mtu 1500 qdisc mq state UP mode DEFAULT group default qlen 1000
--- Tue Sep  9 22:45:34 UTC 2025 ---
CPU:  22:45:34 up 15 min,  2 users,  load average: 0.00, 0.04, 0.10
MEMORY:
               total        used        free      shared  buff/cache   available
Mem:           6.8Gi       318Mi       5.7Gi       3.0Mi       818Mi       6.2Gi
Swap:             0B          0B          0B
DISK:
Filesystem      Size  Used Avail Use% Mounted on
/dev/root        29G  2.8G   27G  10% /
NET:
2: eth0: <BROADCAST,MULTICAST,UP,LOWER_UP> mtu 1500 qdisc mq state UP mode DEFAULT group default qlen 1000
--- Tue Sep  9 22:45:39 UTC 2025 ---
CPU:  22:45:39 up 15 min,  2 users,  load average: 0.00, 0.04, 0.10
MEMORY:
               total        used        free      shared  buff/cache   available
Mem:           6.8Gi       318Mi       5.7Gi       3.0Mi       818Mi       6.2Gi
Swap:             0B          0B          0B
DISK:
Filesystem      Size  Used Avail Use% Mounted on
/dev/root        29G  2.8G   27G  10% /
NET:
2: eth0: <BROADCAST,MULTICAST,UP,LOWER_UP> mtu 1500 qdisc mq state UP mode DEFAULT group default qlen 1000
--- Tue Sep  9 22:45:44 UTC 2025 ---
CPU:  22:45:44 up 15 min,  2 users,  load average: 0.00, 0.04, 0.09
MEMORY:
               total        used        free      shared  buff/cache   available
Mem:           6.8Gi       318Mi       5.7Gi       3.0Mi       818Mi       6.2Gi
Swap:             0B          0B          0B
DISK:
Filesystem      Size  Used Avail Use% Mounted on
/dev/root        29G  2.8G   27G  10% /
NET:
2: eth0: <BROADCAST,MULTICAST,UP,LOWER_UP> mtu 1500 qdisc mq state UP mode DEFAULT group default qlen 1000
--- Tue Sep  9 22:45:49 UTC 2025 ---
CPU:  22:45:49 up 15 min,  2 users,  load average: 0.00, 0.04, 0.09
MEMORY:
               total        used        free      shared  buff/cache   available
Mem:           6.8Gi       318Mi       5.7Gi       3.0Mi       818Mi       6.2Gi
Swap:             0B          0B          0B
DISK:
Filesystem      Size  Used Avail Use% Mounted on
/dev/root        29G  2.8G   27G  10% /
NET:
2: eth0: <BROADCAST,MULTICAST,UP,LOWER_UP> mtu 1500 qdisc mq state UP mode DEFAULT group default qlen 1000
--- Tue Sep  9 22:45:54 UTC 2025 ---
CPU:  22:45:54 up 15 min,  2 users,  load average: 0.00, 0.04, 0.09
MEMORY:
               total        used        free      shared  buff/cache   available
Mem:           6.8Gi       318Mi       5.7Gi       3.0Mi       818Mi       6.2Gi
Swap:             0B          0B          0B
DISK:
Filesystem      Size  Used Avail Use% Mounted on
/dev/root        29G  2.8G   27G  10% /
NET:
2: eth0: <BROADCAST,MULTICAST,UP,LOWER_UP> mtu 1500 qdisc mq state UP mode DEFAULT group default qlen 1000
--- Tue Sep  9 22:45:59 UTC 2025 ---
CPU:  22:45:59 up 15 min,  2 users,  load average: 0.00, 0.04, 0.09
MEMORY:
               total        used        free      shared  buff/cache   available
Mem:           6.8Gi       318Mi       5.7Gi       3.0Mi       818Mi       6.2Gi
Swap:             0B          0B          0B
DISK:
Filesystem      Size  Used Avail Use% Mounted on
/dev/root        29G  2.8G   27G  10% /
NET:
2: eth0: <BROADCAST,MULTICAST,UP,LOWER_UP> mtu 1500 qdisc mq state UP mode DEFAULT group default qlen 1000
--- Tue Sep  9 22:46:04 UTC 2025 ---
CPU:  22:46:04 up 15 min,  2 users,  load average: 0.00, 0.03, 0.09
MEMORY:
               total        used        free      shared  buff/cache   available
Mem:           6.8Gi       318Mi       5.7Gi       3.0Mi       818Mi       6.2Gi
Swap:             0B          0B          0B
DISK:
Filesystem      Size  Used Avail Use% Mounted on
/dev/root        29G  2.8G   27G  10% /
NET:
2: eth0: <BROADCAST,MULTICAST,UP,LOWER_UP> mtu 1500 qdisc mq state UP mode DEFAULT group default qlen 1000
--- Tue Sep  9 22:46:09 UTC 2025 ---
CPU:  22:46:09 up 15 min,  2 users,  load average: 0.00, 0.03, 0.09
MEMORY:
               total        used        free      shared  buff/cache   available
Mem:           6.8Gi       318Mi       5.7Gi       3.0Mi       818Mi       6.2Gi
Swap:             0B          0B          0B
DISK:
Filesystem      Size  Used Avail Use% Mounted on
/dev/root        29G  2.8G   27G  10% /
NET:
2: eth0: <BROADCAST,MULTICAST,UP,LOWER_UP> mtu 1500 qdisc mq state UP mode DEFAULT group default qlen 1000
--- Tue Sep  9 22:46:14 UTC 2025 ---
CPU:  22:46:14 up 16 min,  2 users,  load average: 0.00, 0.03, 0.09
MEMORY:
               total        used        free      shared  buff/cache   available
Mem:           6.8Gi       318Mi       5.7Gi       3.0Mi       818Mi       6.2Gi
Swap:             0B          0B          0B
DISK:
Filesystem      Size  Used Avail Use% Mounted on
/dev/root        29G  2.8G   27G  10% /
NET:
2: eth0: <BROADCAST,MULTICAST,UP,LOWER_UP> mtu 1500 qdisc mq state UP mode DEFAULT group default qlen 1000
--- Tue Sep  9 22:46:19 UTC 2025 ---
CPU:  22:46:19 up 16 min,  2 users,  load average: 0.00, 0.03, 0.09
MEMORY:
               total        used        free      shared  buff/cache   available
Mem:           6.8Gi       318Mi       5.7Gi       3.0Mi       818Mi       6.2Gi
Swap:             0B          0B          0B
DISK:
Filesystem      Size  Used Avail Use% Mounted on
/dev/root        29G  2.8G   27G  10% /
NET:
2: eth0: <BROADCAST,MULTICAST,UP,LOWER_UP> mtu 1500 qdisc mq state UP mode DEFAULT group default qlen 1000
--- Tue Sep  9 22:46:24 UTC 2025 ---
CPU:  22:46:24 up 16 min,  2 users,  load average: 0.00, 0.03, 0.09
MEMORY:
               total        used        free      shared  buff/cache   available
Mem:           6.8Gi       318Mi       5.7Gi       3.0Mi       818Mi       6.2Gi
Swap:             0B          0B          0B
DISK:
Filesystem      Size  Used Avail Use% Mounted on
/dev/root        29G  2.8G   27G  10% /
NET:
2: eth0: <BROADCAST,MULTICAST,UP,LOWER_UP> mtu 1500 qdisc mq state UP mode DEFAULT group default qlen 1000
--- Tue Sep  9 22:46:29 UTC 2025 ---
CPU:  22:46:29 up 16 min,  2 users,  load average: 0.00, 0.03, 0.09
MEMORY:
               total        used        free      shared  buff/cache   available
Mem:           6.8Gi       318Mi       5.7Gi       3.0Mi       818Mi       6.2Gi
Swap:             0B          0B          0B
DISK:
Filesystem      Size  Used Avail Use% Mounted on
/dev/root        29G  2.8G   27G  10% /
NET:
2: eth0: <BROADCAST,MULTICAST,UP,LOWER_UP> mtu 1500 qdisc mq state UP mode DEFAULT group default qlen 1000
--- Tue Sep  9 22:46:34 UTC 2025 ---
CPU:  22:46:34 up 16 min,  2 users,  load average: 0.00, 0.03, 0.09
MEMORY:
               total        used        free      shared  buff/cache   available
Mem:           6.8Gi       318Mi       5.7Gi       3.0Mi       818Mi       6.2Gi
Swap:             0B          0B          0B
DISK:
Filesystem      Size  Used Avail Use% Mounted on
/dev/root        29G  2.8G   27G  10% /
NET:
2: eth0: <BROADCAST,MULTICAST,UP,LOWER_UP> mtu 1500 qdisc mq state UP mode DEFAULT group default qlen 1000
--- Tue Sep  9 22:46:39 UTC 2025 ---
CPU:  22:46:39 up 16 min,  2 users,  load average: 0.00, 0.03, 0.09
MEMORY:
               total        used        free      shared  buff/cache   available
Mem:           6.8Gi       318Mi       5.7Gi       3.0Mi       818Mi       6.2Gi
Swap:             0B          0B          0B
DISK:
Filesystem      Size  Used Avail Use% Mounted on
/dev/root        29G  2.8G   27G  10% /
NET:
2: eth0: <BROADCAST,MULTICAST,UP,LOWER_UP> mtu 1500 qdisc mq state UP mode DEFAULT group default qlen 1000
--- Tue Sep  9 22:46:44 UTC 2025 ---
CPU:  22:46:44 up 16 min,  2 users,  load average: 0.00, 0.03, 0.09
MEMORY:
               total        used        free      shared  buff/cache   available
Mem:           6.8Gi       318Mi       5.7Gi       3.0Mi       818Mi       6.2Gi
Swap:             0B          0B          0B
DISK:
Filesystem      Size  Used Avail Use% Mounted on
/dev/root        29G  2.8G   27G  10% /
NET:
2: eth0: <BROADCAST,MULTICAST,UP,LOWER_UP> mtu 1500 qdisc mq state UP mode DEFAULT group default qlen 1000
--- Tue Sep  9 22:46:49 UTC 2025 ---
CPU:  22:46:49 up 16 min,  2 users,  load average: 0.00, 0.03, 0.09
MEMORY:
               total        used        free      shared  buff/cache   available
Mem:           6.8Gi       318Mi       5.7Gi       3.0Mi       818Mi       6.2Gi
Swap:             0B          0B          0B
DISK:
Filesystem      Size  Used Avail Use% Mounted on
/dev/root        29G  2.8G   27G  10% /
NET:
2: eth0: <BROADCAST,MULTICAST,UP,LOWER_UP> mtu 1500 qdisc mq state UP mode DEFAULT group default qlen 1000
--- Tue Sep  9 22:46:54 UTC 2025 ---
CPU:  22:46:54 up 16 min,  2 users,  load average: 0.00, 0.03, 0.09
MEMORY:
               total        used        free      shared  buff/cache   available
Mem:           6.8Gi       318Mi       5.7Gi       3.0Mi       818Mi       6.2Gi
Swap:             0B          0B          0B
DISK:
Filesystem      Size  Used Avail Use% Mounted on
/dev/root        29G  2.8G   27G  10% /
NET:
2: eth0: <BROADCAST,MULTICAST,UP,LOWER_UP> mtu 1500 qdisc mq state UP mode DEFAULT group default qlen 1000
--- Tue Sep  9 22:46:59 UTC 2025 ---
CPU:  22:46:59 up 16 min,  2 users,  load average: 0.00, 0.03, 0.09
MEMORY:
               total        used        free      shared  buff/cache   available
Mem:           6.8Gi       318Mi       5.7Gi       3.0Mi       818Mi       6.2Gi
Swap:             0B          0B          0B
DISK:
Filesystem      Size  Used Avail Use% Mounted on
/dev/root        29G  2.8G   27G  10% /
NET:
2: eth0: <BROADCAST,MULTICAST,UP,LOWER_UP> mtu 1500 qdisc mq state UP mode DEFAULT group default qlen 1000
--- Tue Sep  9 22:47:04 UTC 2025 ---
CPU:  22:47:04 up 16 min,  2 users,  load average: 0.00, 0.03, 0.08
MEMORY:
               total        used        free      shared  buff/cache   available
Mem:           6.8Gi       318Mi       5.7Gi       3.0Mi       818Mi       6.2Gi
Swap:             0B          0B          0B
DISK:
Filesystem      Size  Used Avail Use% Mounted on
/dev/root        29G  2.8G   27G  10% /
NET:
2: eth0: <BROADCAST,MULTICAST,UP,LOWER_UP> mtu 1500 qdisc mq state UP mode DEFAULT group default qlen 1000
--- Tue Sep  9 22:47:09 UTC 2025 ---
CPU:  22:47:09 up 16 min,  2 users,  load average: 0.00, 0.03, 0.08
MEMORY:
               total        used        free      shared  buff/cache   available
Mem:           6.8Gi       318Mi       5.7Gi       3.0Mi       818Mi       6.2Gi
Swap:             0B          0B          0B
DISK:
Filesystem      Size  Used Avail Use% Mounted on
/dev/root        29G  2.8G   27G  10% /
NET:
2: eth0: <BROADCAST,MULTICAST,UP,LOWER_UP> mtu 1500 qdisc mq state UP mode DEFAULT group default qlen 1000
--- Tue Sep  9 22:47:14 UTC 2025 ---
CPU:  22:47:14 up 17 min,  2 users,  load average: 0.00, 0.02, 0.08
MEMORY:
               total        used        free      shared  buff/cache   available
Mem:           6.8Gi       318Mi       5.7Gi       3.0Mi       818Mi       6.2Gi
Swap:             0B          0B          0B
DISK:
Filesystem      Size  Used Avail Use% Mounted on
/dev/root        29G  2.8G   27G  10% /
NET:
2: eth0: <BROADCAST,MULTICAST,UP,LOWER_UP> mtu 1500 qdisc mq state UP mode DEFAULT group default qlen 1000
--- Tue Sep  9 22:47:19 UTC 2025 ---
CPU:  22:47:19 up 17 min,  2 users,  load average: 0.00, 0.02, 0.08
MEMORY:
               total        used        free      shared  buff/cache   available
Mem:           6.8Gi       318Mi       5.7Gi       3.0Mi       818Mi       6.2Gi
Swap:             0B          0B          0B
DISK:
Filesystem      Size  Used Avail Use% Mounted on
/dev/root        29G  2.8G   27G  10% /
NET:
2: eth0: <BROADCAST,MULTICAST,UP,LOWER_UP> mtu 1500 qdisc mq state UP mode DEFAULT group default qlen 1000
--- Tue Sep  9 22:47:24 UTC 2025 ---
CPU:  22:47:24 up 17 min,  2 users,  load average: 0.00, 0.02, 0.08
MEMORY:
               total        used        free      shared  buff/cache   available
Mem:           6.8Gi       318Mi       5.7Gi       3.0Mi       818Mi       6.2Gi
Swap:             0B          0B          0B
DISK:
Filesystem      Size  Used Avail Use% Mounted on
/dev/root        29G  2.8G   27G  10% /
NET:
2: eth0: <BROADCAST,MULTICAST,UP,LOWER_UP> mtu 1500 qdisc mq state UP mode DEFAULT group default qlen 1000
--- Tue Sep  9 22:47:29 UTC 2025 ---
CPU:  22:47:29 up 17 min,  2 users,  load average: 0.00, 0.02, 0.08
MEMORY:
               total        used        free      shared  buff/cache   available
Mem:           6.8Gi       318Mi       5.7Gi       3.0Mi       818Mi       6.2Gi
Swap:             0B          0B          0B
DISK:
Filesystem      Size  Used Avail Use% Mounted on
/dev/root        29G  2.8G   27G  10% /
NET:
2: eth0: <BROADCAST,MULTICAST,UP,LOWER_UP> mtu 1500 qdisc mq state UP mode DEFAULT group default qlen 1000
--- Tue Sep  9 22:47:34 UTC 2025 ---
CPU:  22:47:34 up 17 min,  2 users,  load average: 0.00, 0.02, 0.08
MEMORY:
               total        used        free      shared  buff/cache   available
Mem:           6.8Gi       318Mi       5.7Gi       3.0Mi       818Mi       6.2Gi
Swap:             0B          0B          0B
DISK:
Filesystem      Size  Used Avail Use% Mounted on
/dev/root        29G  2.8G   27G  10% /
NET:
2: eth0: <BROADCAST,MULTICAST,UP,LOWER_UP> mtu 1500 qdisc mq state UP mode DEFAULT group default qlen 1000
--- Tue Sep  9 22:47:39 UTC 2025 ---
CPU:  22:47:39 up 17 min,  2 users,  load average: 0.00, 0.02, 0.08
MEMORY:
               total        used        free      shared  buff/cache   available
Mem:           6.8Gi       318Mi       5.7Gi       3.0Mi       818Mi       6.2Gi
Swap:             0B          0B          0B
DISK:
Filesystem      Size  Used Avail Use% Mounted on
/dev/root        29G  2.8G   27G  10% /
NET:
2: eth0: <BROADCAST,MULTICAST,UP,LOWER_UP> mtu 1500 qdisc mq state UP mode DEFAULT group default qlen 1000
--- Tue Sep  9 22:47:44 UTC 2025 ---
CPU:  22:47:44 up 17 min,  2 users,  load average: 0.00, 0.02, 0.08
MEMORY:
               total        used        free      shared  buff/cache   available
Mem:           6.8Gi       318Mi       5.7Gi       3.0Mi       818Mi       6.2Gi
Swap:             0B          0B          0B
DISK:
Filesystem      Size  Used Avail Use% Mounted on
/dev/root        29G  2.8G   27G  10% /
NET:
2: eth0: <BROADCAST,MULTICAST,UP,LOWER_UP> mtu 1500 qdisc mq state UP mode DEFAULT group default qlen 1000
--- Tue Sep  9 22:47:49 UTC 2025 ---
CPU:  22:47:49 up 17 min,  2 users,  load average: 0.00, 0.02, 0.08
MEMORY:
               total        used        free      shared  buff/cache   available
Mem:           6.8Gi       319Mi       5.7Gi       3.0Mi       818Mi       6.2Gi
Swap:             0B          0B          0B
DISK:
Filesystem      Size  Used Avail Use% Mounted on
/dev/root        29G  2.8G   27G  10% /
NET:
2: eth0: <BROADCAST,MULTICAST,UP,LOWER_UP> mtu 1500 qdisc mq state UP mode DEFAULT group default qlen 1000
--- Tue Sep  9 22:47:54 UTC 2025 ---
CPU:  22:47:54 up 17 min,  2 users,  load average: 0.00, 0.02, 0.08
MEMORY:
               total        used        free      shared  buff/cache   available
Mem:           6.8Gi       319Mi       5.7Gi       3.0Mi       818Mi       6.2Gi
Swap:             0B          0B          0B
DISK:
Filesystem      Size  Used Avail Use% Mounted on
/dev/root        29G  2.8G   27G  10% /
NET:
2: eth0: <BROADCAST,MULTICAST,UP,LOWER_UP> mtu 1500 qdisc mq state UP mode DEFAULT group default qlen 1000
--- Tue Sep  9 22:47:59 UTC 2025 ---
CPU:  22:47:59 up 17 min,  2 users,  load average: 0.00, 0.02, 0.08
MEMORY:
               total        used        free      shared  buff/cache   available
Mem:           6.8Gi       318Mi       5.7Gi       3.0Mi       818Mi       6.2Gi
Swap:             0B          0B          0B
DISK:
Filesystem      Size  Used Avail Use% Mounted on
/dev/root        29G  2.8G   27G  10% /
NET:
2: eth0: <BROADCAST,MULTICAST,UP,LOWER_UP> mtu 1500 qdisc mq state UP mode DEFAULT group default qlen 1000
--- Tue Sep  9 22:48:04 UTC 2025 ---
CPU:  22:48:04 up 17 min,  2 users,  load average: 0.00, 0.02, 0.08
MEMORY:
               total        used        free      shared  buff/cache   available
Mem:           6.8Gi       318Mi       5.7Gi       3.0Mi       818Mi       6.2Gi
Swap:             0B          0B          0B
DISK:
Filesystem      Size  Used Avail Use% Mounted on
/dev/root        29G  2.8G   27G  10% /
NET:
2: eth0: <BROADCAST,MULTICAST,UP,LOWER_UP> mtu 1500 qdisc mq state UP mode DEFAULT group default qlen 1000
--- Tue Sep  9 22:48:09 UTC 2025 ---
CPU:  22:48:09 up 17 min,  2 users,  load average: 0.00, 0.02, 0.08
MEMORY:
               total        used        free      shared  buff/cache   available
Mem:           6.8Gi       319Mi       5.7Gi       3.0Mi       818Mi       6.2Gi
Swap:             0B          0B          0B
DISK:
Filesystem      Size  Used Avail Use% Mounted on
/dev/root        29G  2.8G   27G  10% /
NET:
2: eth0: <BROADCAST,MULTICAST,UP,LOWER_UP> mtu 1500 qdisc mq state UP mode DEFAULT group default qlen 1000
--- Tue Sep  9 22:48:14 UTC 2025 ---
CPU:  22:48:14 up 18 min,  2 users,  load average: 0.00, 0.02, 0.08
MEMORY:
               total        used        free      shared  buff/cache   available
Mem:           6.8Gi       319Mi       5.7Gi       3.0Mi       818Mi       6.2Gi
Swap:             0B          0B          0B
DISK:
Filesystem      Size  Used Avail Use% Mounted on
/dev/root        29G  2.8G   27G  10% /
NET:
2: eth0: <BROADCAST,MULTICAST,UP,LOWER_UP> mtu 1500 qdisc mq state UP mode DEFAULT group default qlen 1000
--- Tue Sep  9 22:48:19 UTC 2025 ---
CPU:  22:48:19 up 18 min,  2 users,  load average: 0.00, 0.02, 0.08
MEMORY:
               total        used        free      shared  buff/cache   available
Mem:           6.8Gi       319Mi       5.7Gi       3.0Mi       818Mi       6.2Gi
Swap:             0B          0B          0B
DISK:
Filesystem      Size  Used Avail Use% Mounted on
/dev/root        29G  2.8G   27G  10% /
NET:
2: eth0: <BROADCAST,MULTICAST,UP,LOWER_UP> mtu 1500 qdisc mq state UP mode DEFAULT group default qlen 1000
--- Tue Sep  9 22:48:24 UTC 2025 ---
CPU:  22:48:24 up 18 min,  2 users,  load average: 0.00, 0.02, 0.08
MEMORY:
               total        used        free      shared  buff/cache   available
Mem:           6.8Gi       319Mi       5.7Gi       3.0Mi       818Mi       6.2Gi
Swap:             0B          0B          0B
DISK:
Filesystem      Size  Used Avail Use% Mounted on
/dev/root        29G  2.8G   27G  10% /
NET:
2: eth0: <BROADCAST,MULTICAST,UP,LOWER_UP> mtu 1500 qdisc mq state UP mode DEFAULT group default qlen 1000
--- Tue Sep  9 22:48:29 UTC 2025 ---
CPU:  22:48:29 up 18 min,  2 users,  load average: 0.00, 0.02, 0.08
MEMORY:
               total        used        free      shared  buff/cache   available
Mem:           6.8Gi       319Mi       5.7Gi       3.0Mi       818Mi       6.2Gi
Swap:             0B          0B          0B
DISK:
Filesystem      Size  Used Avail Use% Mounted on
/dev/root        29G  2.8G   27G  10% /
NET:
2: eth0: <BROADCAST,MULTICAST,UP,LOWER_UP> mtu 1500 qdisc mq state UP mode DEFAULT group default qlen 1000
--- Tue Sep  9 22:48:34 UTC 2025 ---
CPU:  22:48:34 up 18 min,  2 users,  load average: 0.00, 0.02, 0.08
MEMORY:
               total        used        free      shared  buff/cache   available
Mem:           6.8Gi       319Mi       5.7Gi       3.0Mi       818Mi       6.2Gi
Swap:             0B          0B          0B
DISK:
Filesystem      Size  Used Avail Use% Mounted on
/dev/root        29G  2.8G   27G  10% /
NET:
2: eth0: <BROADCAST,MULTICAST,UP,LOWER_UP> mtu 1500 qdisc mq state UP mode DEFAULT group default qlen 1000
--- Tue Sep  9 22:48:39 UTC 2025 ---
CPU:  22:48:39 up 18 min,  2 users,  load average: 0.00, 0.02, 0.08
MEMORY:
               total        used        free      shared  buff/cache   available
Mem:           6.8Gi       319Mi       5.7Gi       3.0Mi       818Mi       6.2Gi
Swap:             0B          0B          0B
DISK:
Filesystem      Size  Used Avail Use% Mounted on
/dev/root        29G  2.8G   27G  10% /
NET:
2: eth0: <BROADCAST,MULTICAST,UP,LOWER_UP> mtu 1500 qdisc mq state UP mode DEFAULT group default qlen 1000
--- Tue Sep  9 22:48:44 UTC 2025 ---
CPU:  22:48:44 up 18 min,  2 users,  load average: 0.00, 0.02, 0.08
MEMORY:
               total        used        free      shared  buff/cache   available
Mem:           6.8Gi       319Mi       5.7Gi       3.0Mi       818Mi       6.2Gi
Swap:             0B          0B          0B
DISK:
Filesystem      Size  Used Avail Use% Mounted on
/dev/root        29G  2.8G   27G  10% /
NET:
2: eth0: <BROADCAST,MULTICAST,UP,LOWER_UP> mtu 1500 qdisc mq state UP mode DEFAULT group default qlen 1000
--- Tue Sep  9 22:48:49 UTC 2025 ---
CPU:  22:48:49 up 18 min,  2 users,  load average: 0.00, 0.02, 0.07
MEMORY:
               total        used        free      shared  buff/cache   available
Mem:           6.8Gi       319Mi       5.7Gi       3.0Mi       818Mi       6.2Gi
Swap:             0B          0B          0B
DISK:
Filesystem      Size  Used Avail Use% Mounted on
/dev/root        29G  2.8G   27G  10% /
NET:
2: eth0: <BROADCAST,MULTICAST,UP,LOWER_UP> mtu 1500 qdisc mq state UP mode DEFAULT group default qlen 1000
--- Tue Sep  9 22:48:54 UTC 2025 ---
CPU:  22:48:54 up 18 min,  2 users,  load average: 0.00, 0.02, 0.07
MEMORY:
               total        used        free      shared  buff/cache   available
Mem:           6.8Gi       319Mi       5.7Gi       3.0Mi       818Mi       6.2Gi
Swap:             0B          0B          0B
DISK:
Filesystem      Size  Used Avail Use% Mounted on
/dev/root        29G  2.8G   27G  10% /
NET:
2: eth0: <BROADCAST,MULTICAST,UP,LOWER_UP> mtu 1500 qdisc mq state UP mode DEFAULT group default qlen 1000
--- Tue Sep  9 22:48:59 UTC 2025 ---
CPU:  22:48:59 up 18 min,  2 users,  load average: 0.00, 0.01, 0.07
MEMORY:
               total        used        free      shared  buff/cache   available
Mem:           6.8Gi       319Mi       5.7Gi       3.0Mi       818Mi       6.2Gi
Swap:             0B          0B          0B
DISK:
Filesystem      Size  Used Avail Use% Mounted on
/dev/root        29G  2.8G   27G  10% /
NET:
2: eth0: <BROADCAST,MULTICAST,UP,LOWER_UP> mtu 1500 qdisc mq state UP mode DEFAULT group default qlen 1000
--- Tue Sep  9 22:49:04 UTC 2025 ---
CPU:  22:49:04 up 18 min,  2 users,  load average: 0.16, 0.05, 0.08
MEMORY:
               total        used        free      shared  buff/cache   available
Mem:           6.8Gi       319Mi       5.7Gi       3.0Mi       818Mi       6.2Gi
Swap:             0B          0B          0B
DISK:
Filesystem      Size  Used Avail Use% Mounted on
/dev/root        29G  2.8G   27G  10% /
NET:
2: eth0: <BROADCAST,MULTICAST,UP,LOWER_UP> mtu 1500 qdisc mq state UP mode DEFAULT group default qlen 1000
--- Tue Sep  9 22:49:09 UTC 2025 ---
CPU:  22:49:09 up 18 min,  2 users,  load average: 0.13, 0.05, 0.08
MEMORY:
               total        used        free      shared  buff/cache   available
Mem:           6.8Gi       319Mi       5.7Gi       3.0Mi       818Mi       6.2Gi
Swap:             0B          0B          0B
DISK:
Filesystem      Size  Used Avail Use% Mounted on
/dev/root        29G  2.8G   27G  10% /
NET:
2: eth0: <BROADCAST,MULTICAST,UP,LOWER_UP> mtu 1500 qdisc mq state UP mode DEFAULT group default qlen 1000
--- Tue Sep  9 22:49:14 UTC 2025 ---
CPU:  22:49:14 up 19 min,  2 users,  load average: 0.12, 0.04, 0.08
MEMORY:
               total        used        free      shared  buff/cache   available
Mem:           6.8Gi       319Mi       5.7Gi       3.0Mi       818Mi       6.2Gi
Swap:             0B          0B          0B
DISK:
Filesystem      Size  Used Avail Use% Mounted on
/dev/root        29G  2.8G   27G  10% /
NET:
2: eth0: <BROADCAST,MULTICAST,UP,LOWER_UP> mtu 1500 qdisc mq state UP mode DEFAULT group default qlen 1000
--- Tue Sep  9 22:49:19 UTC 2025 ---
CPU:  22:49:19 up 19 min,  2 users,  load average: 0.11, 0.04, 0.08
MEMORY:
               total        used        free      shared  buff/cache   available
Mem:           6.8Gi       319Mi       5.7Gi       3.0Mi       818Mi       6.2Gi
Swap:             0B          0B          0B
DISK:
Filesystem      Size  Used Avail Use% Mounted on
/dev/root        29G  2.8G   27G  10% /
NET:
2: eth0: <BROADCAST,MULTICAST,UP,LOWER_UP> mtu 1500 qdisc mq state UP mode DEFAULT group default qlen 1000
--- Tue Sep  9 22:49:24 UTC 2025 ---
CPU:  22:49:24 up 19 min,  2 users,  load average: 0.10, 0.04, 0.08
MEMORY:
               total        used        free      shared  buff/cache   available
Mem:           6.8Gi       319Mi       5.7Gi       3.0Mi       818Mi       6.2Gi
Swap:             0B          0B          0B
DISK:
Filesystem      Size  Used Avail Use% Mounted on
/dev/root        29G  2.8G   27G  10% /
NET:
2: eth0: <BROADCAST,MULTICAST,UP,LOWER_UP> mtu 1500 qdisc mq state UP mode DEFAULT group default qlen 1000
--- Tue Sep  9 22:49:29 UTC 2025 ---
CPU:  22:49:29 up 19 min,  2 users,  load average: 0.10, 0.04, 0.08
MEMORY:
               total        used        free      shared  buff/cache   available
Mem:           6.8Gi       319Mi       5.7Gi       3.0Mi       818Mi       6.2Gi
Swap:             0B          0B          0B
DISK:
Filesystem      Size  Used Avail Use% Mounted on
/dev/root        29G  2.8G   27G  10% /
NET:
2: eth0: <BROADCAST,MULTICAST,UP,LOWER_UP> mtu 1500 qdisc mq state UP mode DEFAULT group default qlen 1000
--- Tue Sep  9 22:49:34 UTC 2025 ---
CPU:  22:49:34 up 19 min,  2 users,  load average: 0.09, 0.04, 0.08
MEMORY:
               total        used        free      shared  buff/cache   available
Mem:           6.8Gi       319Mi       5.7Gi       3.0Mi       818Mi       6.2Gi
Swap:             0B          0B          0B
DISK:
Filesystem      Size  Used Avail Use% Mounted on
/dev/root        29G  2.8G   27G  10% /
NET:
2: eth0: <BROADCAST,MULTICAST,UP,LOWER_UP> mtu 1500 qdisc mq state UP mode DEFAULT group default qlen 1000
--- Tue Sep  9 22:49:39 UTC 2025 ---
CPU:  22:49:39 up 19 min,  2 users,  load average: 0.08, 0.04, 0.08
MEMORY:
               total        used        free      shared  buff/cache   available
Mem:           6.8Gi       319Mi       5.7Gi       3.0Mi       818Mi       6.2Gi
Swap:             0B          0B          0B
DISK:
Filesystem      Size  Used Avail Use% Mounted on
/dev/root        29G  2.8G   27G  10% /
NET:
2: eth0: <BROADCAST,MULTICAST,UP,LOWER_UP> mtu 1500 qdisc mq state UP mode DEFAULT group default qlen 1000
--- Tue Sep  9 22:49:44 UTC 2025 ---
CPU:  22:49:44 up 19 min,  2 users,  load average: 0.07, 0.04, 0.08
MEMORY:
               total        used        free      shared  buff/cache   available
Mem:           6.8Gi       319Mi       5.7Gi       3.0Mi       818Mi       6.2Gi
Swap:             0B          0B          0B
DISK:
Filesystem      Size  Used Avail Use% Mounted on
/dev/root        29G  2.8G   27G  10% /
NET:
2: eth0: <BROADCAST,MULTICAST,UP,LOWER_UP> mtu 1500 qdisc mq state UP mode DEFAULT group default qlen 1000
--- Tue Sep  9 22:49:49 UTC 2025 ---
CPU:  22:49:49 up 19 min,  2 users,  load average: 0.07, 0.04, 0.08
MEMORY:
               total        used        free      shared  buff/cache   available
Mem:           6.8Gi       319Mi       5.7Gi       3.0Mi       818Mi       6.2Gi
Swap:             0B          0B          0B
DISK:
Filesystem      Size  Used Avail Use% Mounted on
/dev/root        29G  2.8G   27G  10% /
NET:
2: eth0: <BROADCAST,MULTICAST,UP,LOWER_UP> mtu 1500 qdisc mq state UP mode DEFAULT group default qlen 1000
--- Tue Sep  9 22:49:54 UTC 2025 ---
CPU:  22:49:54 up 19 min,  2 users,  load average: 0.06, 0.04, 0.08
MEMORY:
               total        used        free      shared  buff/cache   available
Mem:           6.8Gi       319Mi       5.7Gi       3.0Mi       818Mi       6.2Gi
Swap:             0B          0B          0B
DISK:
Filesystem      Size  Used Avail Use% Mounted on
/dev/root        29G  2.8G   27G  10% /
NET:
2: eth0: <BROADCAST,MULTICAST,UP,LOWER_UP> mtu 1500 qdisc mq state UP mode DEFAULT group default qlen 1000
--- Tue Sep  9 22:49:59 UTC 2025 ---
CPU:  22:49:59 up 19 min,  2 users,  load average: 0.06, 0.04, 0.08
MEMORY:
               total        used        free      shared  buff/cache   available
Mem:           6.8Gi       319Mi       5.7Gi       3.0Mi       818Mi       6.2Gi
Swap:             0B          0B          0B
DISK:
Filesystem      Size  Used Avail Use% Mounted on
/dev/root        29G  2.8G   27G  10% /
NET:
2: eth0: <BROADCAST,MULTICAST,UP,LOWER_UP> mtu 1500 qdisc mq state UP mode DEFAULT group default qlen 1000
--- Tue Sep  9 22:50:04 UTC 2025 ---
CPU:  22:50:04 up 19 min,  2 users,  load average: 0.05, 0.04, 0.08
MEMORY:
               total        used        free      shared  buff/cache   available
Mem:           6.8Gi       319Mi       5.7Gi       3.0Mi       818Mi       6.2Gi
Swap:             0B          0B          0B
DISK:
Filesystem      Size  Used Avail Use% Mounted on
/dev/root        29G  2.8G   27G  10% /
NET:
2: eth0: <BROADCAST,MULTICAST,UP,LOWER_UP> mtu 1500 qdisc mq state UP mode DEFAULT group default qlen 1000
--- Tue Sep  9 22:50:09 UTC 2025 ---
CPU:  22:50:09 up 19 min,  2 users,  load average: 0.05, 0.03, 0.08
MEMORY:
               total        used        free      shared  buff/cache   available
Mem:           6.8Gi       319Mi       5.7Gi       3.0Mi       818Mi       6.2Gi
Swap:             0B          0B          0B
DISK:
Filesystem      Size  Used Avail Use% Mounted on
/dev/root        29G  2.8G   27G  10% /
NET:
2: eth0: <BROADCAST,MULTICAST,UP,LOWER_UP> mtu 1500 qdisc mq state UP mode DEFAULT group default qlen 1000
--- Tue Sep  9 22:50:14 UTC 2025 ---
CPU:  22:50:14 up 20 min,  2 users,  load average: 0.04, 0.03, 0.08
MEMORY:
               total        used        free      shared  buff/cache   available
Mem:           6.8Gi       318Mi       5.7Gi       3.0Mi       819Mi       6.2Gi
Swap:             0B          0B          0B
DISK:
Filesystem      Size  Used Avail Use% Mounted on
/dev/root        29G  2.8G   27G  10% /
NET:
2: eth0: <BROADCAST,MULTICAST,UP,LOWER_UP> mtu 1500 qdisc mq state UP mode DEFAULT group default qlen 1000
--- Tue Sep  9 22:50:19 UTC 2025 ---
CPU:  22:50:19 up 20 min,  2 users,  load average: 0.04, 0.03, 0.08
MEMORY:
               total        used        free      shared  buff/cache   available
Mem:           6.8Gi       318Mi       5.7Gi       3.0Mi       819Mi       6.2Gi
Swap:             0B          0B          0B
DISK:
Filesystem      Size  Used Avail Use% Mounted on
/dev/root        29G  2.8G   27G  10% /
NET:
2: eth0: <BROADCAST,MULTICAST,UP,LOWER_UP> mtu 1500 qdisc mq state UP mode DEFAULT group default qlen 1000
--- Tue Sep  9 22:50:24 UTC 2025 ---
CPU:  22:50:24 up 20 min,  2 users,  load average: 0.04, 0.03, 0.08
MEMORY:
               total        used        free      shared  buff/cache   available
Mem:           6.8Gi       318Mi       5.7Gi       3.0Mi       819Mi       6.2Gi
Swap:             0B          0B          0B
DISK:
Filesystem      Size  Used Avail Use% Mounted on
/dev/root        29G  2.8G   27G  10% /
NET:
2: eth0: <BROADCAST,MULTICAST,UP,LOWER_UP> mtu 1500 qdisc mq state UP mode DEFAULT group default qlen 1000
--- Tue Sep  9 22:50:29 UTC 2025 ---
CPU:  22:50:29 up 20 min,  2 users,  load average: 0.03, 0.03, 0.08
MEMORY:
               total        used        free      shared  buff/cache   available
Mem:           6.8Gi       318Mi       5.7Gi       3.0Mi       819Mi       6.2Gi
Swap:             0B          0B          0B
DISK:
Filesystem      Size  Used Avail Use% Mounted on
/dev/root        29G  2.8G   27G  10% /
NET:
2: eth0: <BROADCAST,MULTICAST,UP,LOWER_UP> mtu 1500 qdisc mq state UP mode DEFAULT group default qlen 1000
--- Tue Sep  9 22:50:34 UTC 2025 ---
CPU:  22:50:34 up 20 min,  2 users,  load average: 0.03, 0.03, 0.08
MEMORY:
               total        used        free      shared  buff/cache   available
Mem:           6.8Gi       318Mi       5.7Gi       3.0Mi       819Mi       6.2Gi
Swap:             0B          0B          0B
DISK:
Filesystem      Size  Used Avail Use% Mounted on
/dev/root        29G  2.8G   27G  10% /
NET:
2: eth0: <BROADCAST,MULTICAST,UP,LOWER_UP> mtu 1500 qdisc mq state UP mode DEFAULT group default qlen 1000
--- Tue Sep  9 22:50:39 UTC 2025 ---
CPU:  22:50:39 up 20 min,  2 users,  load average: 0.03, 0.03, 0.07
MEMORY:
               total        used        free      shared  buff/cache   available
Mem:           6.8Gi       318Mi       5.7Gi       3.0Mi       819Mi       6.2Gi
Swap:             0B          0B          0B
DISK:
Filesystem      Size  Used Avail Use% Mounted on
/dev/root        29G  2.8G   27G  10% /
NET:
2: eth0: <BROADCAST,MULTICAST,UP,LOWER_UP> mtu 1500 qdisc mq state UP mode DEFAULT group default qlen 1000
--- Tue Sep  9 22:50:44 UTC 2025 ---
CPU:  22:50:44 up 20 min,  2 users,  load average: 0.02, 0.03, 0.07
MEMORY:
               total        used        free      shared  buff/cache   available
Mem:           6.8Gi       318Mi       5.7Gi       3.0Mi       819Mi       6.2Gi
Swap:             0B          0B          0B
DISK:
Filesystem      Size  Used Avail Use% Mounted on
/dev/root        29G  2.8G   27G  10% /
NET:
2: eth0: <BROADCAST,MULTICAST,UP,LOWER_UP> mtu 1500 qdisc mq state UP mode DEFAULT group default qlen 1000
--- Tue Sep  9 22:50:49 UTC 2025 ---
CPU:  22:50:49 up 20 min,  2 users,  load average: 0.02, 0.03, 0.07
MEMORY:
               total        used        free      shared  buff/cache   available
Mem:           6.8Gi       318Mi       5.7Gi       3.0Mi       819Mi       6.2Gi
Swap:             0B          0B          0B
DISK:
Filesystem      Size  Used Avail Use% Mounted on
/dev/root        29G  2.8G   27G  10% /
NET:
2: eth0: <BROADCAST,MULTICAST,UP,LOWER_UP> mtu 1500 qdisc mq state UP mode DEFAULT group default qlen 1000
--- Tue Sep  9 22:50:54 UTC 2025 ---
CPU:  22:50:54 up 20 min,  2 users,  load average: 0.02, 0.03, 0.07
MEMORY:
               total        used        free      shared  buff/cache   available
Mem:           6.8Gi       318Mi       5.7Gi       3.0Mi       819Mi       6.2Gi
Swap:             0B          0B          0B
DISK:
Filesystem      Size  Used Avail Use% Mounted on
/dev/root        29G  2.8G   27G  10% /
NET:
2: eth0: <BROADCAST,MULTICAST,UP,LOWER_UP> mtu 1500 qdisc mq state UP mode DEFAULT group default qlen 1000
--- Tue Sep  9 22:50:59 UTC 2025 ---
CPU:  22:50:59 up 20 min,  2 users,  load average: 0.02, 0.03, 0.07
MEMORY:
               total        used        free      shared  buff/cache   available
Mem:           6.8Gi       318Mi       5.7Gi       3.0Mi       819Mi       6.2Gi
Swap:             0B          0B          0B
DISK:
Filesystem      Size  Used Avail Use% Mounted on
/dev/root        29G  2.8G   27G  10% /
NET:
2: eth0: <BROADCAST,MULTICAST,UP,LOWER_UP> mtu 1500 qdisc mq state UP mode DEFAULT group default qlen 1000
--- Tue Sep  9 22:51:04 UTC 2025 ---
CPU:  22:51:04 up 20 min,  2 users,  load average: 0.02, 0.03, 0.07
MEMORY:
               total        used        free      shared  buff/cache   available
Mem:           6.8Gi       318Mi       5.7Gi       3.0Mi       819Mi       6.2Gi
Swap:             0B          0B          0B
DISK:
Filesystem      Size  Used Avail Use% Mounted on
/dev/root        29G  2.8G   27G  10% /
NET:
2: eth0: <BROADCAST,MULTICAST,UP,LOWER_UP> mtu 1500 qdisc mq state UP mode DEFAULT group default qlen 1000
--- Tue Sep  9 22:51:09 UTC 2025 ---
CPU:  22:51:09 up 20 min,  2 users,  load average: 0.02, 0.03, 0.07
MEMORY:
               total        used        free      shared  buff/cache   available
Mem:           6.8Gi       318Mi       5.7Gi       3.0Mi       819Mi       6.2Gi
Swap:             0B          0B          0B
DISK:
Filesystem      Size  Used Avail Use% Mounted on
/dev/root        29G  2.8G   27G  10% /
NET:
2: eth0: <BROADCAST,MULTICAST,UP,LOWER_UP> mtu 1500 qdisc mq state UP mode DEFAULT group default qlen 1000
--- Tue Sep  9 22:51:14 UTC 2025 ---
CPU:  22:51:14 up 21 min,  2 users,  load average: 0.01, 0.03, 0.07
MEMORY:
               total        used        free      shared  buff/cache   available
Mem:           6.8Gi       310Mi       5.7Gi       3.0Mi       819Mi       6.2Gi
Swap:             0B          0B          0B
DISK:
Filesystem      Size  Used Avail Use% Mounted on
/dev/root        29G  2.8G   27G  10% /
NET:
2: eth0: <BROADCAST,MULTICAST,UP,LOWER_UP> mtu 1500 qdisc mq state UP mode DEFAULT group default qlen 1000
--- Tue Sep  9 22:51:19 UTC 2025 ---
CPU:  22:51:20 up 21 min,  2 users,  load average: 0.01, 0.02, 0.07
MEMORY:
               total        used        free      shared  buff/cache   available
Mem:           6.8Gi       311Mi       5.7Gi       3.0Mi       819Mi       6.2Gi
Swap:             0B          0B          0B
DISK:
Filesystem      Size  Used Avail Use% Mounted on
/dev/root        29G  2.8G   27G  10% /
NET:
2: eth0: <BROADCAST,MULTICAST,UP,LOWER_UP> mtu 1500 qdisc mq state UP mode DEFAULT group default qlen 1000
--- Tue Sep  9 22:51:25 UTC 2025 ---
CPU:  22:51:25 up 21 min,  2 users,  load average: 0.01, 0.02, 0.07
MEMORY:
               total        used        free      shared  buff/cache   available
Mem:           6.8Gi       311Mi       5.7Gi       3.0Mi       819Mi       6.2Gi
Swap:             0B          0B          0B
DISK:
Filesystem      Size  Used Avail Use% Mounted on
/dev/root        29G  2.8G   27G  10% /
NET:
2: eth0: <BROADCAST,MULTICAST,UP,LOWER_UP> mtu 1500 qdisc mq state UP mode DEFAULT group default qlen 1000
--- Tue Sep  9 22:51:30 UTC 2025 ---
CPU:  22:51:30 up 21 min,  2 users,  load average: 0.01, 0.02, 0.07
MEMORY:
               total        used        free      shared  buff/cache   available
Mem:           6.8Gi       311Mi       5.7Gi       3.0Mi       819Mi       6.2Gi
Swap:             0B          0B          0B
DISK:
Filesystem      Size  Used Avail Use% Mounted on
/dev/root        29G  2.8G   27G  10% /
NET:
2: eth0: <BROADCAST,MULTICAST,UP,LOWER_UP> mtu 1500 qdisc mq state UP mode DEFAULT group default qlen 1000
--- Tue Sep  9 22:51:35 UTC 2025 ---
CPU:  22:51:35 up 21 min,  2 users,  load average: 0.01, 0.02, 0.07
MEMORY:
               total        used        free      shared  buff/cache   available
Mem:           6.8Gi       311Mi       5.7Gi       3.0Mi       819Mi       6.2Gi
Swap:             0B          0B          0B
DISK:
Filesystem      Size  Used Avail Use% Mounted on
/dev/root        29G  2.8G   27G  10% /
NET:
2: eth0: <BROADCAST,MULTICAST,UP,LOWER_UP> mtu 1500 qdisc mq state UP mode DEFAULT group default qlen 1000
--- Tue Sep  9 22:51:40 UTC 2025 ---
CPU:  22:51:40 up 21 min,  2 users,  load average: 0.01, 0.02, 0.07
MEMORY:
               total        used        free      shared  buff/cache   available
Mem:           6.8Gi       311Mi       5.7Gi       3.0Mi       819Mi       6.2Gi
Swap:             0B          0B          0B
DISK:
Filesystem      Size  Used Avail Use% Mounted on
/dev/root        29G  2.8G   27G  10% /
NET:
2: eth0: <BROADCAST,MULTICAST,UP,LOWER_UP> mtu 1500 qdisc mq state UP mode DEFAULT group default qlen 1000
--- Tue Sep  9 22:51:45 UTC 2025 ---
CPU:  22:51:45 up 21 min,  2 users,  load average: 0.01, 0.02, 0.07
MEMORY:
               total        used        free      shared  buff/cache   available
Mem:           6.8Gi       311Mi       5.7Gi       3.0Mi       819Mi       6.2Gi
Swap:             0B          0B          0B
DISK:
Filesystem      Size  Used Avail Use% Mounted on
/dev/root        29G  2.8G   27G  10% /
NET:
2: eth0: <BROADCAST,MULTICAST,UP,LOWER_UP> mtu 1500 qdisc mq state UP mode DEFAULT group default qlen 1000
--- Tue Sep  9 22:51:50 UTC 2025 ---
CPU:  22:51:50 up 21 min,  2 users,  load average: 0.01, 0.02, 0.07
MEMORY:
               total        used        free      shared  buff/cache   available
Mem:           6.8Gi       311Mi       5.7Gi       3.0Mi       819Mi       6.2Gi
Swap:             0B          0B          0B
DISK:
Filesystem      Size  Used Avail Use% Mounted on
/dev/root        29G  2.8G   27G  10% /
NET:
2: eth0: <BROADCAST,MULTICAST,UP,LOWER_UP> mtu 1500 qdisc mq state UP mode DEFAULT group default qlen 1000
--- Tue Sep  9 22:51:55 UTC 2025 ---
CPU:  22:51:55 up 21 min,  2 users,  load average: 0.01, 0.02, 0.07
MEMORY:
               total        used        free      shared  buff/cache   available
Mem:           6.8Gi       311Mi       5.7Gi       3.0Mi       819Mi       6.2Gi
Swap:             0B          0B          0B
DISK:
Filesystem      Size  Used Avail Use% Mounted on
/dev/root        29G  2.8G   27G  10% /
NET:
2: eth0: <BROADCAST,MULTICAST,UP,LOWER_UP> mtu 1500 qdisc mq state UP mode DEFAULT group default qlen 1000
--- Tue Sep  9 22:52:00 UTC 2025 ---
CPU:  22:52:00 up 21 min,  2 users,  load average: 0.00, 0.02, 0.07
MEMORY:
               total        used        free      shared  buff/cache   available
Mem:           6.8Gi       311Mi       5.7Gi       3.0Mi       819Mi       6.2Gi
Swap:             0B          0B          0B
DISK:
Filesystem      Size  Used Avail Use% Mounted on
/dev/root        29G  2.8G   27G  10% /
NET:
2: eth0: <BROADCAST,MULTICAST,UP,LOWER_UP> mtu 1500 qdisc mq state UP mode DEFAULT group default qlen 1000
--- Tue Sep  9 22:52:05 UTC 2025 ---
CPU:  22:52:05 up 21 min,  2 users,  load average: 0.00, 0.02, 0.07
MEMORY:
               total        used        free      shared  buff/cache   available
Mem:           6.8Gi       311Mi       5.7Gi       3.0Mi       819Mi       6.2Gi
Swap:             0B          0B          0B
DISK:
Filesystem      Size  Used Avail Use% Mounted on
/dev/root        29G  2.8G   27G  10% /
NET:
2: eth0: <BROADCAST,MULTICAST,UP,LOWER_UP> mtu 1500 qdisc mq state UP mode DEFAULT group default qlen 1000
--- Tue Sep  9 22:52:10 UTC 2025 ---
CPU:  22:52:10 up 21 min,  2 users,  load average: 0.00, 0.02, 0.07
MEMORY:
               total        used        free      shared  buff/cache   available
Mem:           6.8Gi       311Mi       5.7Gi       3.0Mi       819Mi       6.2Gi
Swap:             0B          0B          0B
DISK:
Filesystem      Size  Used Avail Use% Mounted on
/dev/root        29G  2.8G   27G  10% /
NET:
2: eth0: <BROADCAST,MULTICAST,UP,LOWER_UP> mtu 1500 qdisc mq state UP mode DEFAULT group default qlen 1000
--- Tue Sep  9 22:52:15 UTC 2025 ---
CPU:  22:52:15 up 22 min,  2 users,  load average: 0.00, 0.02, 0.07
MEMORY:
               total        used        free      shared  buff/cache   available
Mem:           6.8Gi       311Mi       5.7Gi       3.0Mi       819Mi       6.2Gi
Swap:             0B          0B          0B
DISK:
Filesystem      Size  Used Avail Use% Mounted on
/dev/root        29G  2.8G   27G  10% /
NET:
2: eth0: <BROADCAST,MULTICAST,UP,LOWER_UP> mtu 1500 qdisc mq state UP mode DEFAULT group default qlen 1000
--- Tue Sep  9 22:52:20 UTC 2025 ---
CPU:  22:52:20 up 22 min,  2 users,  load average: 0.00, 0.02, 0.06
MEMORY:
               total        used        free      shared  buff/cache   available
Mem:           6.8Gi       311Mi       5.7Gi       3.0Mi       819Mi       6.2Gi
Swap:             0B          0B          0B
DISK:
Filesystem      Size  Used Avail Use% Mounted on
/dev/root        29G  2.8G   27G  10% /
NET:
2: eth0: <BROADCAST,MULTICAST,UP,LOWER_UP> mtu 1500 qdisc mq state UP mode DEFAULT group default qlen 1000
--- Tue Sep  9 22:52:25 UTC 2025 ---
CPU:  22:52:25 up 22 min,  2 users,  load average: 0.00, 0.02, 0.06
MEMORY:
               total        used        free      shared  buff/cache   available
Mem:           6.8Gi       311Mi       5.7Gi       3.0Mi       819Mi       6.2Gi
Swap:             0B          0B          0B
DISK:
Filesystem      Size  Used Avail Use% Mounted on
/dev/root        29G  2.8G   27G  10% /
NET:
2: eth0: <BROADCAST,MULTICAST,UP,LOWER_UP> mtu 1500 qdisc mq state UP mode DEFAULT group default qlen 1000
--- Tue Sep  9 22:52:30 UTC 2025 ---
CPU:  22:52:30 up 22 min,  2 users,  load average: 0.00, 0.02, 0.06
MEMORY:
               total        used        free      shared  buff/cache   available
Mem:           6.8Gi       311Mi       5.7Gi       3.0Mi       819Mi       6.2Gi
Swap:             0B          0B          0B
DISK:
Filesystem      Size  Used Avail Use% Mounted on
/dev/root        29G  2.8G   27G  10% /
NET:
2: eth0: <BROADCAST,MULTICAST,UP,LOWER_UP> mtu 1500 qdisc mq state UP mode DEFAULT group default qlen 1000
--- Tue Sep  9 22:52:35 UTC 2025 ---
CPU:  22:52:35 up 22 min,  2 users,  load average: 0.00, 0.02, 0.06
MEMORY:
               total        used        free      shared  buff/cache   available
Mem:           6.8Gi       311Mi       5.7Gi       3.0Mi       819Mi       6.2Gi
Swap:             0B          0B          0B
DISK:
Filesystem      Size  Used Avail Use% Mounted on
/dev/root        29G  2.8G   27G  10% /
NET:
2: eth0: <BROADCAST,MULTICAST,UP,LOWER_UP> mtu 1500 qdisc mq state UP mode DEFAULT group default qlen 1000
--- Tue Sep  9 22:52:40 UTC 2025 ---
CPU:  22:52:40 up 22 min,  2 users,  load average: 0.00, 0.02, 0.06
MEMORY:
               total        used        free      shared  buff/cache   available
Mem:           6.8Gi       311Mi       5.7Gi       3.0Mi       819Mi       6.2Gi
Swap:             0B          0B          0B
DISK:
Filesystem      Size  Used Avail Use% Mounted on
/dev/root        29G  2.8G   27G  10% /
NET:
2: eth0: <BROADCAST,MULTICAST,UP,LOWER_UP> mtu 1500 qdisc mq state UP mode DEFAULT group default qlen 1000
--- Tue Sep  9 22:52:45 UTC 2025 ---
CPU:  22:52:45 up 22 min,  2 users,  load average: 0.00, 0.02, 0.06
MEMORY:
               total        used        free      shared  buff/cache   available
Mem:           6.8Gi       311Mi       5.7Gi       3.0Mi       819Mi       6.2Gi
Swap:             0B          0B          0B
DISK:
Filesystem      Size  Used Avail Use% Mounted on
/dev/root        29G  2.8G   27G  10% /
NET:
2: eth0: <BROADCAST,MULTICAST,UP,LOWER_UP> mtu 1500 qdisc mq state UP mode DEFAULT group default qlen 1000
--- Tue Sep  9 22:52:50 UTC 2025 ---
CPU:  22:52:50 up 22 min,  2 users,  load average: 0.00, 0.02, 0.06
MEMORY:
               total        used        free      shared  buff/cache   available
Mem:           6.8Gi       311Mi       5.7Gi       3.0Mi       819Mi       6.2Gi
Swap:             0B          0B          0B
DISK:
Filesystem      Size  Used Avail Use% Mounted on
/dev/root        29G  2.8G   27G  10% /
NET:
2: eth0: <BROADCAST,MULTICAST,UP,LOWER_UP> mtu 1500 qdisc mq state UP mode DEFAULT group default qlen 1000
--- Tue Sep  9 22:52:55 UTC 2025 ---
CPU:  22:52:55 up 22 min,  2 users,  load average: 0.00, 0.02, 0.06
MEMORY:
               total        used        free      shared  buff/cache   available
Mem:           6.8Gi       311Mi       5.7Gi       3.0Mi       819Mi       6.2Gi
Swap:             0B          0B          0B
DISK:
Filesystem      Size  Used Avail Use% Mounted on
/dev/root        29G  2.8G   27G  10% /
NET:
2: eth0: <BROADCAST,MULTICAST,UP,LOWER_UP> mtu 1500 qdisc mq state UP mode DEFAULT group default qlen 1000
--- Tue Sep  9 22:53:00 UTC 2025 ---
CPU:  22:53:00 up 22 min,  2 users,  load average: 0.00, 0.02, 0.06
MEMORY:
               total        used        free      shared  buff/cache   available
Mem:           6.8Gi       311Mi       5.7Gi       3.0Mi       819Mi       6.2Gi
Swap:             0B          0B          0B
DISK:
Filesystem      Size  Used Avail Use% Mounted on
/dev/root        29G  2.8G   27G  10% /
NET:
2: eth0: <BROADCAST,MULTICAST,UP,LOWER_UP> mtu 1500 qdisc mq state UP mode DEFAULT group default qlen 1000
--- Tue Sep  9 22:53:05 UTC 2025 ---
CPU:  22:53:05 up 22 min,  2 users,  load average: 0.00, 0.01, 0.06
MEMORY:
               total        used        free      shared  buff/cache   available
Mem:           6.8Gi       311Mi       5.7Gi       3.0Mi       819Mi       6.2Gi
Swap:             0B          0B          0B
DISK:
Filesystem      Size  Used Avail Use% Mounted on
/dev/root        29G  2.8G   27G  10% /
NET:
2: eth0: <BROADCAST,MULTICAST,UP,LOWER_UP> mtu 1500 qdisc mq state UP mode DEFAULT group default qlen 1000
--- Tue Sep  9 22:53:10 UTC 2025 ---
CPU:  22:53:10 up 22 min,  2 users,  load average: 0.00, 0.01, 0.06
MEMORY:
               total        used        free      shared  buff/cache   available
Mem:           6.8Gi       311Mi       5.7Gi       3.0Mi       819Mi       6.2Gi
Swap:             0B          0B          0B
DISK:
Filesystem      Size  Used Avail Use% Mounted on
/dev/root        29G  2.8G   27G  10% /
NET:
2: eth0: <BROADCAST,MULTICAST,UP,LOWER_UP> mtu 1500 qdisc mq state UP mode DEFAULT group default qlen 1000
--- Tue Sep  9 22:53:15 UTC 2025 ---
CPU:  22:53:15 up 23 min,  2 users,  load average: 0.00, 0.01, 0.06
MEMORY:
               total        used        free      shared  buff/cache   available
Mem:           6.8Gi       311Mi       5.7Gi       3.0Mi       819Mi       6.2Gi
Swap:             0B          0B          0B
DISK:
Filesystem      Size  Used Avail Use% Mounted on
/dev/root        29G  2.8G   27G  10% /
NET:
2: eth0: <BROADCAST,MULTICAST,UP,LOWER_UP> mtu 1500 qdisc mq state UP mode DEFAULT group default qlen 1000
--- Tue Sep  9 22:53:20 UTC 2025 ---
CPU:  22:53:20 up 23 min,  2 users,  load average: 0.00, 0.01, 0.06
MEMORY:
               total        used        free      shared  buff/cache   available
Mem:           6.8Gi       311Mi       5.7Gi       3.0Mi       819Mi       6.2Gi
Swap:             0B          0B          0B
DISK:
Filesystem      Size  Used Avail Use% Mounted on
/dev/root        29G  2.8G   27G  10% /
NET:
2: eth0: <BROADCAST,MULTICAST,UP,LOWER_UP> mtu 1500 qdisc mq state UP mode DEFAULT group default qlen 1000
--- Tue Sep  9 22:53:25 UTC 2025 ---
CPU:  22:53:25 up 23 min,  2 users,  load average: 0.00, 0.01, 0.06
MEMORY:
               total        used        free      shared  buff/cache   available
Mem:           6.8Gi       311Mi       5.7Gi       3.0Mi       819Mi       6.2Gi
Swap:             0B          0B          0B
DISK:
Filesystem      Size  Used Avail Use% Mounted on
/dev/root        29G  2.8G   27G  10% /
NET:
2: eth0: <BROADCAST,MULTICAST,UP,LOWER_UP> mtu 1500 qdisc mq state UP mode DEFAULT group default qlen 1000
--- Tue Sep  9 22:53:30 UTC 2025 ---
CPU:  22:53:30 up 23 min,  2 users,  load average: 0.00, 0.01, 0.06
MEMORY:
               total        used        free      shared  buff/cache   available
Mem:           6.8Gi       311Mi       5.7Gi       3.0Mi       819Mi       6.2Gi
Swap:             0B          0B          0B
DISK:
Filesystem      Size  Used Avail Use% Mounted on
/dev/root        29G  2.8G   27G  10% /
NET:
2: eth0: <BROADCAST,MULTICAST,UP,LOWER_UP> mtu 1500 qdisc mq state UP mode DEFAULT group default qlen 1000
--- Tue Sep  9 22:53:35 UTC 2025 ---
CPU:  22:53:35 up 23 min,  2 users,  load average: 0.00, 0.01, 0.06
MEMORY:
               total        used        free      shared  buff/cache   available
Mem:           6.8Gi       311Mi       5.7Gi       3.0Mi       819Mi       6.2Gi
Swap:             0B          0B          0B
DISK:
Filesystem      Size  Used Avail Use% Mounted on
/dev/root        29G  2.8G   27G  10% /
NET:
2: eth0: <BROADCAST,MULTICAST,UP,LOWER_UP> mtu 1500 qdisc mq state UP mode DEFAULT group default qlen 1000
--- Tue Sep  9 22:53:40 UTC 2025 ---
CPU:  22:53:40 up 23 min,  2 users,  load average: 0.00, 0.01, 0.06
MEMORY:
               total        used        free      shared  buff/cache   available
Mem:           6.8Gi       311Mi       5.7Gi       3.0Mi       819Mi       6.2Gi
Swap:             0B          0B          0B
DISK:
Filesystem      Size  Used Avail Use% Mounted on
/dev/root        29G  2.8G   27G  10% /
NET:
2: eth0: <BROADCAST,MULTICAST,UP,LOWER_UP> mtu 1500 qdisc mq state UP mode DEFAULT group default qlen 1000
--- Tue Sep  9 22:53:45 UTC 2025 ---
CPU:  22:53:45 up 23 min,  2 users,  load average: 0.00, 0.01, 0.06
MEMORY:
               total        used        free      shared  buff/cache   available
Mem:           6.8Gi       311Mi       5.7Gi       3.0Mi       819Mi       6.2Gi
Swap:             0B          0B          0B
DISK:
Filesystem      Size  Used Avail Use% Mounted on
/dev/root        29G  2.8G   27G  10% /
NET:
2: eth0: <BROADCAST,MULTICAST,UP,LOWER_UP> mtu 1500 qdisc mq state UP mode DEFAULT group default qlen 1000
--- Tue Sep  9 22:53:50 UTC 2025 ---
CPU:  22:53:50 up 23 min,  2 users,  load average: 0.00, 0.01, 0.06
MEMORY:
               total        used        free      shared  buff/cache   available
Mem:           6.8Gi       311Mi       5.7Gi       3.0Mi       819Mi       6.2Gi
Swap:             0B          0B          0B
DISK:
Filesystem      Size  Used Avail Use% Mounted on
/dev/root        29G  2.8G   27G  10% /
NET:
2: eth0: <BROADCAST,MULTICAST,UP,LOWER_UP> mtu 1500 qdisc mq state UP mode DEFAULT group default qlen 1000
--- Tue Sep  9 22:53:55 UTC 2025 ---
CPU:  22:53:55 up 23 min,  2 users,  load average: 0.00, 0.01, 0.06
MEMORY:
               total        used        free      shared  buff/cache   available
Mem:           6.8Gi       311Mi       5.7Gi       3.0Mi       819Mi       6.2Gi
Swap:             0B          0B          0B
DISK:
Filesystem      Size  Used Avail Use% Mounted on
/dev/root        29G  2.8G   27G  10% /
NET:
2: eth0: <BROADCAST,MULTICAST,UP,LOWER_UP> mtu 1500 qdisc mq state UP mode DEFAULT group default qlen 1000
--- Tue Sep  9 22:54:00 UTC 2025 ---
CPU:  22:54:00 up 23 min,  2 users,  load average: 0.00, 0.01, 0.06
MEMORY:
               total        used        free      shared  buff/cache   available
Mem:           6.8Gi       311Mi       5.7Gi       3.0Mi       819Mi       6.2Gi
Swap:             0B          0B          0B
DISK:
Filesystem      Size  Used Avail Use% Mounted on
/dev/root        29G  2.8G   27G  10% /
NET:
2: eth0: <BROADCAST,MULTICAST,UP,LOWER_UP> mtu 1500 qdisc mq state UP mode DEFAULT group default qlen 1000
--- Tue Sep  9 22:54:05 UTC 2025 ---
CPU:  22:54:05 up 23 min,  2 users,  load average: 0.00, 0.01, 0.05
MEMORY:
               total        used        free      shared  buff/cache   available
Mem:           6.8Gi       311Mi       5.7Gi       3.0Mi       819Mi       6.2Gi
Swap:             0B          0B          0B
DISK:
Filesystem      Size  Used Avail Use% Mounted on
/dev/root        29G  2.8G   27G  10% /
NET:
2: eth0: <BROADCAST,MULTICAST,UP,LOWER_UP> mtu 1500 qdisc mq state UP mode DEFAULT group default qlen 1000
--- Tue Sep  9 22:54:10 UTC 2025 ---
CPU:  22:54:10 up 23 min,  2 users,  load average: 0.00, 0.01, 0.05
MEMORY:
               total        used        free      shared  buff/cache   available
Mem:           6.8Gi       311Mi       5.7Gi       3.0Mi       819Mi       6.2Gi
Swap:             0B          0B          0B
DISK:
Filesystem      Size  Used Avail Use% Mounted on
/dev/root        29G  2.8G   27G  10% /
NET:
2: eth0: <BROADCAST,MULTICAST,UP,LOWER_UP> mtu 1500 qdisc mq state UP mode DEFAULT group default qlen 1000
--- Tue Sep  9 22:54:15 UTC 2025 ---
CPU:  22:54:15 up 24 min,  2 users,  load average: 0.00, 0.01, 0.05
MEMORY:
               total        used        free      shared  buff/cache   available
Mem:           6.8Gi       311Mi       5.7Gi       3.0Mi       819Mi       6.2Gi
Swap:             0B          0B          0B
DISK:
Filesystem      Size  Used Avail Use% Mounted on
/dev/root        29G  2.8G   27G  10% /
NET:
2: eth0: <BROADCAST,MULTICAST,UP,LOWER_UP> mtu 1500 qdisc mq state UP mode DEFAULT group default qlen 1000
--- Tue Sep  9 22:54:20 UTC 2025 ---
CPU:  22:54:20 up 24 min,  2 users,  load average: 0.00, 0.01, 0.05
MEMORY:
               total        used        free      shared  buff/cache   available
Mem:           6.8Gi       311Mi       5.7Gi       3.0Mi       819Mi       6.2Gi
Swap:             0B          0B          0B
DISK:
Filesystem      Size  Used Avail Use% Mounted on
/dev/root        29G  2.8G   27G  10% /
NET:
2: eth0: <BROADCAST,MULTICAST,UP,LOWER_UP> mtu 1500 qdisc mq state UP mode DEFAULT group default qlen 1000
--- Tue Sep  9 22:54:25 UTC 2025 ---
CPU:  22:54:25 up 24 min,  2 users,  load average: 0.00, 0.01, 0.05
MEMORY:
               total        used        free      shared  buff/cache   available
Mem:           6.8Gi       311Mi       5.7Gi       3.0Mi       819Mi       6.2Gi
Swap:             0B          0B          0B
DISK:
Filesystem      Size  Used Avail Use% Mounted on
/dev/root        29G  2.8G   27G  10% /
NET:
2: eth0: <BROADCAST,MULTICAST,UP,LOWER_UP> mtu 1500 qdisc mq state UP mode DEFAULT group default qlen 1000
--- Tue Sep  9 22:54:30 UTC 2025 ---
CPU:  22:54:30 up 24 min,  2 users,  load average: 0.00, 0.01, 0.05
MEMORY:
               total        used        free      shared  buff/cache   available
Mem:           6.8Gi       311Mi       5.7Gi       3.0Mi       819Mi       6.2Gi
Swap:             0B          0B          0B
DISK:
Filesystem      Size  Used Avail Use% Mounted on
/dev/root        29G  2.8G   27G  10% /
NET:
2: eth0: <BROADCAST,MULTICAST,UP,LOWER_UP> mtu 1500 qdisc mq state UP mode DEFAULT group default qlen 1000
--- Tue Sep  9 22:54:35 UTC 2025 ---
CPU:  22:54:35 up 24 min,  2 users,  load average: 0.00, 0.01, 0.05
MEMORY:
               total        used        free      shared  buff/cache   available
Mem:           6.8Gi       311Mi       5.7Gi       3.0Mi       819Mi       6.2Gi
Swap:             0B          0B          0B
DISK:
Filesystem      Size  Used Avail Use% Mounted on
/dev/root        29G  2.8G   27G  10% /
NET:
2: eth0: <BROADCAST,MULTICAST,UP,LOWER_UP> mtu 1500 qdisc mq state UP mode DEFAULT group default qlen 1000
--- Tue Sep  9 22:54:40 UTC 2025 ---
CPU:  22:54:40 up 24 min,  2 users,  load average: 0.00, 0.01, 0.05
MEMORY:
               total        used        free      shared  buff/cache   available
Mem:           6.8Gi       311Mi       5.7Gi       3.0Mi       819Mi       6.2Gi
Swap:             0B          0B          0B
DISK:
Filesystem      Size  Used Avail Use% Mounted on
/dev/root        29G  2.8G   27G  10% /
NET:
2: eth0: <BROADCAST,MULTICAST,UP,LOWER_UP> mtu 1500 qdisc mq state UP mode DEFAULT group default qlen 1000
--- Tue Sep  9 22:54:45 UTC 2025 ---
CPU:  22:54:45 up 24 min,  2 users,  load average: 0.00, 0.00, 0.05
MEMORY:
               total        used        free      shared  buff/cache   available
Mem:           6.8Gi       311Mi       5.7Gi       3.0Mi       819Mi       6.2Gi
Swap:             0B          0B          0B
DISK:
Filesystem      Size  Used Avail Use% Mounted on
/dev/root        29G  2.8G   27G  10% /
NET:
2: eth0: <BROADCAST,MULTICAST,UP,LOWER_UP> mtu 1500 qdisc mq state UP mode DEFAULT group default qlen 1000
--- Tue Sep  9 22:54:50 UTC 2025 ---
CPU:  22:54:50 up 24 min,  2 users,  load average: 0.00, 0.00, 0.05
MEMORY:
               total        used        free      shared  buff/cache   available
Mem:           6.8Gi       311Mi       5.7Gi       3.0Mi       819Mi       6.2Gi
Swap:             0B          0B          0B
DISK:
Filesystem      Size  Used Avail Use% Mounted on
/dev/root        29G  2.8G   27G  10% /
NET:
2: eth0: <BROADCAST,MULTICAST,UP,LOWER_UP> mtu 1500 qdisc mq state UP mode DEFAULT group default qlen 1000
--- Tue Sep  9 22:54:55 UTC 2025 ---
CPU:  22:54:55 up 24 min,  2 users,  load average: 0.00, 0.00, 0.05
MEMORY:
               total        used        free      shared  buff/cache   available
Mem:           6.8Gi       311Mi       5.7Gi       3.0Mi       819Mi       6.2Gi
Swap:             0B          0B          0B
DISK:
Filesystem      Size  Used Avail Use% Mounted on
/dev/root        29G  2.8G   27G  10% /
NET:
2: eth0: <BROADCAST,MULTICAST,UP,LOWER_UP> mtu 1500 qdisc mq state UP mode DEFAULT group default qlen 1000
--- Tue Sep  9 22:55:00 UTC 2025 ---
CPU:  22:55:00 up 24 min,  2 users,  load average: 0.00, 0.00, 0.05
MEMORY:
               total        used        free      shared  buff/cache   available
Mem:           6.8Gi       311Mi       5.7Gi       3.0Mi       819Mi       6.2Gi
Swap:             0B          0B          0B
DISK:
Filesystem      Size  Used Avail Use% Mounted on
/dev/root        29G  2.8G   27G  10% /
NET:
2: eth0: <BROADCAST,MULTICAST,UP,LOWER_UP> mtu 1500 qdisc mq state UP mode DEFAULT group default qlen 1000
--- Tue Sep  9 22:55:05 UTC 2025 ---
CPU:  22:55:05 up 24 min,  2 users,  load average: 0.00, 0.00, 0.05
MEMORY:
               total        used        free      shared  buff/cache   available
Mem:           6.8Gi       311Mi       5.7Gi       3.0Mi       819Mi       6.2Gi
Swap:             0B          0B          0B
DISK:
Filesystem      Size  Used Avail Use% Mounted on
/dev/root        29G  2.8G   27G  10% /
NET:
2: eth0: <BROADCAST,MULTICAST,UP,LOWER_UP> mtu 1500 qdisc mq state UP mode DEFAULT group default qlen 1000
--- Tue Sep  9 22:55:10 UTC 2025 ---
CPU:  22:55:10 up 24 min,  2 users,  load average: 0.00, 0.00, 0.05
MEMORY:
               total        used        free      shared  buff/cache   available
Mem:           6.8Gi       311Mi       5.7Gi       3.0Mi       819Mi       6.2Gi
Swap:             0B          0B          0B
DISK:
Filesystem      Size  Used Avail Use% Mounted on
/dev/root        29G  2.8G   27G  10% /
NET:
2: eth0: <BROADCAST,MULTICAST,UP,LOWER_UP> mtu 1500 qdisc mq state UP mode DEFAULT group default qlen 1000
--- Tue Sep  9 22:55:15 UTC 2025 ---
CPU:  22:55:15 up 25 min,  2 users,  load average: 0.00, 0.00, 0.05
MEMORY:
               total        used        free      shared  buff/cache   available
Mem:           6.8Gi       311Mi       5.7Gi       3.0Mi       819Mi       6.2Gi
Swap:             0B          0B          0B
DISK:
Filesystem      Size  Used Avail Use% Mounted on
/dev/root        29G  2.8G   27G  10% /
NET:
2: eth0: <BROADCAST,MULTICAST,UP,LOWER_UP> mtu 1500 qdisc mq state UP mode DEFAULT group default qlen 1000
--- Tue Sep  9 22:55:20 UTC 2025 ---
CPU:  22:55:20 up 25 min,  2 users,  load average: 0.00, 0.00, 0.05
MEMORY:
               total        used        free      shared  buff/cache   available
Mem:           6.8Gi       311Mi       5.7Gi       3.0Mi       819Mi       6.2Gi
Swap:             0B          0B          0B
DISK:
Filesystem      Size  Used Avail Use% Mounted on
/dev/root        29G  2.8G   27G  10% /
NET:
2: eth0: <BROADCAST,MULTICAST,UP,LOWER_UP> mtu 1500 qdisc mq state UP mode DEFAULT group default qlen 1000
--- Tue Sep  9 22:55:25 UTC 2025 ---
CPU:  22:55:25 up 25 min,  2 users,  load average: 0.00, 0.00, 0.05
MEMORY:
               total        used        free      shared  buff/cache   available
Mem:           6.8Gi       311Mi       5.7Gi       3.0Mi       819Mi       6.2Gi
Swap:             0B          0B          0B
DISK:
Filesystem      Size  Used Avail Use% Mounted on
/dev/root        29G  2.8G   27G  10% /
NET:
2: eth0: <BROADCAST,MULTICAST,UP,LOWER_UP> mtu 1500 qdisc mq state UP mode DEFAULT group default qlen 1000
--- Tue Sep  9 22:55:30 UTC 2025 ---
CPU:  22:55:30 up 25 min,  2 users,  load average: 0.00, 0.00, 0.05
MEMORY:
               total        used        free      shared  buff/cache   available
Mem:           6.8Gi       311Mi       5.7Gi       3.0Mi       819Mi       6.2Gi
Swap:             0B          0B          0B
DISK:
Filesystem      Size  Used Avail Use% Mounted on
/dev/root        29G  2.8G   27G  10% /
NET:
2: eth0: <BROADCAST,MULTICAST,UP,LOWER_UP> mtu 1500 qdisc mq state UP mode DEFAULT group default qlen 1000
--- Tue Sep  9 22:55:35 UTC 2025 ---
CPU:  22:55:35 up 25 min,  2 users,  load average: 0.00, 0.00, 0.05
MEMORY:
               total        used        free      shared  buff/cache   available
Mem:           6.8Gi       313Mi       5.7Gi       3.0Mi       820Mi       6.2Gi
Swap:             0B          0B          0B
DISK:
Filesystem      Size  Used Avail Use% Mounted on
/dev/root        29G  2.8G   27G  10% /
NET:
2: eth0: <BROADCAST,MULTICAST,UP,LOWER_UP> mtu 1500 qdisc mq state UP mode DEFAULT group default qlen 1000
--- Tue Sep  9 22:55:40 UTC 2025 ---
CPU:  22:55:40 up 25 min,  2 users,  load average: 0.00, 0.00, 0.05
MEMORY:
               total        used        free      shared  buff/cache   available
Mem:           6.8Gi       313Mi       5.7Gi       3.0Mi       820Mi       6.2Gi
Swap:             0B          0B          0B
DISK:
Filesystem      Size  Used Avail Use% Mounted on
/dev/root        29G  2.8G   27G  10% /
NET:
2: eth0: <BROADCAST,MULTICAST,UP,LOWER_UP> mtu 1500 qdisc mq state UP mode DEFAULT group default qlen 1000
--- Tue Sep  9 22:55:45 UTC 2025 ---
CPU:  22:55:45 up 25 min,  2 users,  load average: 0.00, 0.00, 0.04
MEMORY:
               total        used        free      shared  buff/cache   available
Mem:           6.8Gi       313Mi       5.7Gi       3.0Mi       820Mi       6.2Gi
Swap:             0B          0B          0B
DISK:
Filesystem      Size  Used Avail Use% Mounted on
/dev/root        29G  2.8G   27G  10% /
NET:
2: eth0: <BROADCAST,MULTICAST,UP,LOWER_UP> mtu 1500 qdisc mq state UP mode DEFAULT group default qlen 1000
--- Tue Sep  9 22:55:50 UTC 2025 ---
CPU:  22:55:50 up 25 min,  2 users,  load average: 0.00, 0.00, 0.04
MEMORY:
               total        used        free      shared  buff/cache   available
Mem:           6.8Gi       313Mi       5.7Gi       3.0Mi       820Mi       6.2Gi
Swap:             0B          0B          0B
DISK:
Filesystem      Size  Used Avail Use% Mounted on
/dev/root        29G  2.8G   27G  10% /
NET:
2: eth0: <BROADCAST,MULTICAST,UP,LOWER_UP> mtu 1500 qdisc mq state UP mode DEFAULT group default qlen 1000
--- Tue Sep  9 22:55:55 UTC 2025 ---
CPU:  22:55:55 up 25 min,  2 users,  load average: 0.00, 0.00, 0.04
MEMORY:
               total        used        free      shared  buff/cache   available
Mem:           6.8Gi       313Mi       5.7Gi       3.0Mi       820Mi       6.2Gi
Swap:             0B          0B          0B
DISK:
Filesystem      Size  Used Avail Use% Mounted on
/dev/root        29G  2.8G   27G  10% /
NET:
2: eth0: <BROADCAST,MULTICAST,UP,LOWER_UP> mtu 1500 qdisc mq state UP mode DEFAULT group default qlen 1000
--- Tue Sep  9 22:56:00 UTC 2025 ---
CPU:  22:56:00 up 25 min,  2 users,  load average: 0.00, 0.00, 0.04
MEMORY:
               total        used        free      shared  buff/cache   available
Mem:           6.8Gi       313Mi       5.7Gi       3.0Mi       820Mi       6.2Gi
Swap:             0B          0B          0B
DISK:
Filesystem      Size  Used Avail Use% Mounted on
/dev/root        29G  2.8G   27G  10% /
NET:
2: eth0: <BROADCAST,MULTICAST,UP,LOWER_UP> mtu 1500 qdisc mq state UP mode DEFAULT group default qlen 1000
--- Tue Sep  9 22:56:05 UTC 2025 ---
CPU:  22:56:05 up 25 min,  2 users,  load average: 0.00, 0.00, 0.04
MEMORY:
               total        used        free      shared  buff/cache   available
Mem:           6.8Gi       326Mi       5.7Gi       3.0Mi       820Mi       6.2Gi
Swap:             0B          0B          0B
DISK:
Filesystem      Size  Used Avail Use% Mounted on
/dev/root        29G  2.8G   27G  10% /
NET:
2: eth0: <BROADCAST,MULTICAST,UP,LOWER_UP> mtu 1500 qdisc mq state UP mode DEFAULT group default qlen 1000
--- Tue Sep  9 22:56:10 UTC 2025 ---
CPU:  22:56:10 up 25 min,  2 users,  load average: 0.00, 0.00, 0.04
MEMORY:
               total        used        free      shared  buff/cache   available
Mem:           6.8Gi       319Mi       5.7Gi       3.0Mi       820Mi       6.2Gi
Swap:             0B          0B          0B
DISK:
Filesystem      Size  Used Avail Use% Mounted on
/dev/root        29G  2.8G   27G  10% /
NET:
2: eth0: <BROADCAST,MULTICAST,UP,LOWER_UP> mtu 1500 qdisc mq state UP mode DEFAULT group default qlen 1000
--- Tue Sep  9 22:56:15 UTC 2025 ---
CPU:  22:56:15 up 26 min,  2 users,  load average: 0.00, 0.00, 0.04
MEMORY:
               total        used        free      shared  buff/cache   available
Mem:           6.8Gi       319Mi       5.7Gi       3.0Mi       820Mi       6.2Gi
Swap:             0B          0B          0B
DISK:
Filesystem      Size  Used Avail Use% Mounted on
/dev/root        29G  2.8G   27G  10% /
NET:
2: eth0: <BROADCAST,MULTICAST,UP,LOWER_UP> mtu 1500 qdisc mq state UP mode DEFAULT group default qlen 1000
--- Tue Sep  9 22:56:20 UTC 2025 ---
CPU:  22:56:20 up 26 min,  2 users,  load average: 0.00, 0.00, 0.04
MEMORY:
               total        used        free      shared  buff/cache   available
Mem:           6.8Gi       319Mi       5.7Gi       3.0Mi       820Mi       6.2Gi
Swap:             0B          0B          0B
DISK:
Filesystem      Size  Used Avail Use% Mounted on
/dev/root        29G  2.8G   27G  10% /
NET:
2: eth0: <BROADCAST,MULTICAST,UP,LOWER_UP> mtu 1500 qdisc mq state UP mode DEFAULT group default qlen 1000
--- Tue Sep  9 22:56:25 UTC 2025 ---
CPU:  22:56:25 up 26 min,  2 users,  load average: 0.00, 0.00, 0.04
MEMORY:
               total        used        free      shared  buff/cache   available
Mem:           6.8Gi       319Mi       5.7Gi       3.0Mi       820Mi       6.2Gi
Swap:             0B          0B          0B
DISK:
Filesystem      Size  Used Avail Use% Mounted on
/dev/root        29G  2.8G   27G  10% /
NET:
2: eth0: <BROADCAST,MULTICAST,UP,LOWER_UP> mtu 1500 qdisc mq state UP mode DEFAULT group default qlen 1000
--- Tue Sep  9 22:56:30 UTC 2025 ---
CPU:  22:56:30 up 26 min,  2 users,  load average: 0.00, 0.00, 0.04
MEMORY:
               total        used        free      shared  buff/cache   available
Mem:           6.8Gi       319Mi       5.7Gi       3.0Mi       821Mi       6.2Gi
Swap:             0B          0B          0B
DISK:
Filesystem      Size  Used Avail Use% Mounted on
/dev/root        29G  2.8G   27G  10% /
NET:
2: eth0: <BROADCAST,MULTICAST,UP,LOWER_UP> mtu 1500 qdisc mq state UP mode DEFAULT group default qlen 1000
--- Tue Sep  9 22:56:35 UTC 2025 ---
CPU:  22:56:35 up 26 min,  2 users,  load average: 0.00, 0.00, 0.04
MEMORY:
               total        used        free      shared  buff/cache   available
Mem:           6.8Gi       319Mi       5.7Gi       3.0Mi       821Mi       6.2Gi
Swap:             0B          0B          0B
DISK:
Filesystem      Size  Used Avail Use% Mounted on
/dev/root        29G  2.8G   27G  10% /
NET:
2: eth0: <BROADCAST,MULTICAST,UP,LOWER_UP> mtu 1500 qdisc mq state UP mode DEFAULT group default qlen 1000
--- Tue Sep  9 22:56:40 UTC 2025 ---
CPU:  22:56:40 up 26 min,  2 users,  load average: 0.00, 0.00, 0.04
MEMORY:
               total        used        free      shared  buff/cache   available
Mem:           6.8Gi       319Mi       5.7Gi       3.0Mi       821Mi       6.2Gi
Swap:             0B          0B          0B
DISK:
Filesystem      Size  Used Avail Use% Mounted on
/dev/root        29G  2.8G   27G  10% /
NET:
2: eth0: <BROADCAST,MULTICAST,UP,LOWER_UP> mtu 1500 qdisc mq state UP mode DEFAULT group default qlen 1000
--- Tue Sep  9 22:56:45 UTC 2025 ---
CPU:  22:56:45 up 26 min,  2 users,  load average: 0.00, 0.00, 0.04
MEMORY:
               total        used        free      shared  buff/cache   available
Mem:           6.8Gi       319Mi       5.7Gi       3.0Mi       821Mi       6.2Gi
Swap:             0B          0B          0B
DISK:
Filesystem      Size  Used Avail Use% Mounted on
/dev/root        29G  2.8G   27G  10% /
NET:
2: eth0: <BROADCAST,MULTICAST,UP,LOWER_UP> mtu 1500 qdisc mq state UP mode DEFAULT group default qlen 1000
--- Tue Sep  9 22:56:50 UTC 2025 ---
CPU:  22:56:50 up 26 min,  2 users,  load average: 0.00, 0.00, 0.04
MEMORY:
               total        used        free      shared  buff/cache   available
Mem:           6.8Gi       319Mi       5.7Gi       3.0Mi       821Mi       6.2Gi
Swap:             0B          0B          0B
DISK:
Filesystem      Size  Used Avail Use% Mounted on
/dev/root        29G  2.8G   27G  10% /
NET:
2: eth0: <BROADCAST,MULTICAST,UP,LOWER_UP> mtu 1500 qdisc mq state UP mode DEFAULT group default qlen 1000
--- Tue Sep  9 22:56:55 UTC 2025 ---
CPU:  22:56:55 up 26 min,  2 users,  load average: 0.00, 0.00, 0.04
MEMORY:
               total        used        free      shared  buff/cache   available
Mem:           6.8Gi       319Mi       5.7Gi       3.0Mi       821Mi       6.2Gi
Swap:             0B          0B          0B
DISK:
Filesystem      Size  Used Avail Use% Mounted on
/dev/root        29G  2.8G   27G  10% /
NET:
2: eth0: <BROADCAST,MULTICAST,UP,LOWER_UP> mtu 1500 qdisc mq state UP mode DEFAULT group default qlen 1000
--- Tue Sep  9 22:57:00 UTC 2025 ---
CPU:  22:57:00 up 26 min,  2 users,  load average: 0.00, 0.00, 0.04
MEMORY:
               total        used        free      shared  buff/cache   available
Mem:           6.8Gi       319Mi       5.7Gi       3.0Mi       821Mi       6.2Gi
Swap:             0B          0B          0B
DISK:
Filesystem      Size  Used Avail Use% Mounted on
/dev/root        29G  2.8G   27G  10% /
NET:
2: eth0: <BROADCAST,MULTICAST,UP,LOWER_UP> mtu 1500 qdisc mq state UP mode DEFAULT group default qlen 1000
--- Tue Sep  9 22:57:05 UTC 2025 ---
CPU:  22:57:05 up 26 min,  2 users,  load average: 0.00, 0.00, 0.04
MEMORY:
               total        used        free      shared  buff/cache   available
Mem:           6.8Gi       319Mi       5.7Gi       3.0Mi       821Mi       6.2Gi
Swap:             0B          0B          0B
DISK:
Filesystem      Size  Used Avail Use% Mounted on
/dev/root        29G  2.8G   27G  10% /
NET:
2: eth0: <BROADCAST,MULTICAST,UP,LOWER_UP> mtu 1500 qdisc mq state UP mode DEFAULT group default qlen 1000
--- Tue Sep  9 22:57:10 UTC 2025 ---
CPU:  22:57:10 up 26 min,  2 users,  load average: 0.00, 0.00, 0.04
MEMORY:
               total        used        free      shared  buff/cache   available
Mem:           6.8Gi       319Mi       5.7Gi       3.0Mi       821Mi       6.2Gi
Swap:             0B          0B          0B
DISK:
Filesystem      Size  Used Avail Use% Mounted on
/dev/root        29G  2.8G   27G  10% /
NET:
2: eth0: <BROADCAST,MULTICAST,UP,LOWER_UP> mtu 1500 qdisc mq state UP mode DEFAULT group default qlen 1000
--- Tue Sep  9 22:57:15 UTC 2025 ---
CPU:  22:57:15 up 27 min,  2 users,  load average: 0.00, 0.00, 0.04
MEMORY:
               total        used        free      shared  buff/cache   available
Mem:           6.8Gi       319Mi       5.7Gi       3.0Mi       821Mi       6.2Gi
Swap:             0B          0B          0B
DISK:
Filesystem      Size  Used Avail Use% Mounted on
/dev/root        29G  2.8G   27G  10% /
NET:
2: eth0: <BROADCAST,MULTICAST,UP,LOWER_UP> mtu 1500 qdisc mq state UP mode DEFAULT group default qlen 1000
--- Tue Sep  9 22:57:20 UTC 2025 ---
CPU:  22:57:20 up 27 min,  2 users,  load average: 0.00, 0.00, 0.04
MEMORY:
               total        used        free      shared  buff/cache   available
Mem:           6.8Gi       319Mi       5.7Gi       3.0Mi       821Mi       6.2Gi
Swap:             0B          0B          0B
DISK:
Filesystem      Size  Used Avail Use% Mounted on
/dev/root        29G  2.8G   27G  10% /
NET:
2: eth0: <BROADCAST,MULTICAST,UP,LOWER_UP> mtu 1500 qdisc mq state UP mode DEFAULT group default qlen 1000
--- Tue Sep  9 22:57:26 UTC 2025 ---
CPU:  22:57:26 up 27 min,  2 users,  load average: 0.00, 0.00, 0.04
MEMORY:
               total        used        free      shared  buff/cache   available
Mem:           6.8Gi       319Mi       5.7Gi       3.0Mi       821Mi       6.2Gi
Swap:             0B          0B          0B
DISK:
Filesystem      Size  Used Avail Use% Mounted on
/dev/root        29G  2.8G   27G  10% /
NET:
2: eth0: <BROADCAST,MULTICAST,UP,LOWER_UP> mtu 1500 qdisc mq state UP mode DEFAULT group default qlen 1000
--- Tue Sep  9 22:57:31 UTC 2025 ---
CPU:  22:57:31 up 27 min,  2 users,  load average: 0.00, 0.00, 0.03
MEMORY:
               total        used        free      shared  buff/cache   available
Mem:           6.8Gi       319Mi       5.7Gi       3.0Mi       821Mi       6.2Gi
Swap:             0B          0B          0B
DISK:
Filesystem      Size  Used Avail Use% Mounted on
/dev/root        29G  2.8G   27G  10% /
NET:
2: eth0: <BROADCAST,MULTICAST,UP,LOWER_UP> mtu 1500 qdisc mq state UP mode DEFAULT group default qlen 1000
--- Tue Sep  9 22:57:36 UTC 2025 ---
CPU:  22:57:36 up 27 min,  2 users,  load average: 0.00, 0.00, 0.03
MEMORY:
               total        used        free      shared  buff/cache   available
Mem:           6.8Gi       318Mi       5.7Gi       3.0Mi       821Mi       6.2Gi
Swap:             0B          0B          0B
DISK:
Filesystem      Size  Used Avail Use% Mounted on
/dev/root        29G  2.8G   27G  10% /
NET:
2: eth0: <BROADCAST,MULTICAST,UP,LOWER_UP> mtu 1500 qdisc mq state UP mode DEFAULT group default qlen 1000
--- Tue Sep  9 22:57:41 UTC 2025 ---
CPU:  22:57:41 up 27 min,  2 users,  load average: 0.00, 0.00, 0.03
MEMORY:
               total        used        free      shared  buff/cache   available
Mem:           6.8Gi       318Mi       5.7Gi       3.0Mi       821Mi       6.2Gi
Swap:             0B          0B          0B
DISK:
Filesystem      Size  Used Avail Use% Mounted on
/dev/root        29G  2.8G   27G  10% /
NET:
2: eth0: <BROADCAST,MULTICAST,UP,LOWER_UP> mtu 1500 qdisc mq state UP mode DEFAULT group default qlen 1000
--- Tue Sep  9 22:57:46 UTC 2025 ---
CPU:  22:57:46 up 27 min,  2 users,  load average: 0.00, 0.00, 0.03
MEMORY:
               total        used        free      shared  buff/cache   available
Mem:           6.8Gi       318Mi       5.7Gi       3.0Mi       821Mi       6.2Gi
Swap:             0B          0B          0B
DISK:
Filesystem      Size  Used Avail Use% Mounted on
/dev/root        29G  2.8G   27G  10% /
NET:
2: eth0: <BROADCAST,MULTICAST,UP,LOWER_UP> mtu 1500 qdisc mq state UP mode DEFAULT group default qlen 1000
--- Tue Sep  9 22:57:51 UTC 2025 ---
CPU:  22:57:51 up 27 min,  2 users,  load average: 0.00, 0.00, 0.03
MEMORY:
               total        used        free      shared  buff/cache   available
Mem:           6.8Gi       318Mi       5.7Gi       3.0Mi       821Mi       6.2Gi
Swap:             0B          0B          0B
DISK:
Filesystem      Size  Used Avail Use% Mounted on
/dev/root        29G  2.8G   27G  10% /
NET:
2: eth0: <BROADCAST,MULTICAST,UP,LOWER_UP> mtu 1500 qdisc mq state UP mode DEFAULT group default qlen 1000
--- Tue Sep  9 22:57:56 UTC 2025 ---
CPU:  22:57:56 up 27 min,  2 users,  load average: 0.00, 0.00, 0.03
MEMORY:
               total        used        free      shared  buff/cache   available
Mem:           6.8Gi       318Mi       5.7Gi       3.0Mi       821Mi       6.2Gi
Swap:             0B          0B          0B
DISK:
Filesystem      Size  Used Avail Use% Mounted on
/dev/root        29G  2.8G   27G  10% /
NET:
2: eth0: <BROADCAST,MULTICAST,UP,LOWER_UP> mtu 1500 qdisc mq state UP mode DEFAULT group default qlen 1000
--- Tue Sep  9 22:58:01 UTC 2025 ---
CPU:  22:58:01 up 27 min,  2 users,  load average: 0.00, 0.00, 0.03
MEMORY:
               total        used        free      shared  buff/cache   available
Mem:           6.8Gi       318Mi       5.7Gi       3.0Mi       821Mi       6.2Gi
Swap:             0B          0B          0B
DISK:
Filesystem      Size  Used Avail Use% Mounted on
/dev/root        29G  2.8G   27G  10% /
NET:
2: eth0: <BROADCAST,MULTICAST,UP,LOWER_UP> mtu 1500 qdisc mq state UP mode DEFAULT group default qlen 1000
--- Tue Sep  9 22:58:06 UTC 2025 ---
CPU:  22:58:06 up 27 min,  2 users,  load average: 0.00, 0.00, 0.03
MEMORY:
               total        used        free      shared  buff/cache   available
Mem:           6.8Gi       318Mi       5.7Gi       3.0Mi       821Mi       6.2Gi
Swap:             0B          0B          0B
DISK:
Filesystem      Size  Used Avail Use% Mounted on
/dev/root        29G  2.8G   27G  10% /
NET:
2: eth0: <BROADCAST,MULTICAST,UP,LOWER_UP> mtu 1500 qdisc mq state UP mode DEFAULT group default qlen 1000
--- Tue Sep  9 22:58:11 UTC 2025 ---
CPU:  22:58:11 up 27 min,  2 users,  load average: 0.00, 0.00, 0.03
MEMORY:
               total        used        free      shared  buff/cache   available
Mem:           6.8Gi       318Mi       5.7Gi       3.0Mi       821Mi       6.2Gi
Swap:             0B          0B          0B
DISK:
Filesystem      Size  Used Avail Use% Mounted on
/dev/root        29G  2.8G   27G  10% /
NET:
2: eth0: <BROADCAST,MULTICAST,UP,LOWER_UP> mtu 1500 qdisc mq state UP mode DEFAULT group default qlen 1000
--- Tue Sep  9 22:58:16 UTC 2025 ---
CPU:  22:58:16 up 28 min,  2 users,  load average: 0.00, 0.00, 0.03
MEMORY:
               total        used        free      shared  buff/cache   available
Mem:           6.8Gi       318Mi       5.7Gi       3.0Mi       821Mi       6.2Gi
Swap:             0B          0B          0B
DISK:
Filesystem      Size  Used Avail Use% Mounted on
/dev/root        29G  2.8G   27G  10% /
NET:
2: eth0: <BROADCAST,MULTICAST,UP,LOWER_UP> mtu 1500 qdisc mq state UP mode DEFAULT group default qlen 1000
--- Tue Sep  9 22:58:21 UTC 2025 ---
CPU:  22:58:21 up 28 min,  2 users,  load average: 0.00, 0.00, 0.03
MEMORY:
               total        used        free      shared  buff/cache   available
Mem:           6.8Gi       318Mi       5.7Gi       3.0Mi       821Mi       6.2Gi
Swap:             0B          0B          0B
DISK:
Filesystem      Size  Used Avail Use% Mounted on
/dev/root        29G  2.8G   27G  10% /
NET:
2: eth0: <BROADCAST,MULTICAST,UP,LOWER_UP> mtu 1500 qdisc mq state UP mode DEFAULT group default qlen 1000
--- Tue Sep  9 22:58:26 UTC 2025 ---
CPU:  22:58:26 up 28 min,  2 users,  load average: 0.00, 0.00, 0.03
MEMORY:
               total        used        free      shared  buff/cache   available
Mem:           6.8Gi       318Mi       5.7Gi       3.0Mi       821Mi       6.2Gi
Swap:             0B          0B          0B
DISK:
Filesystem      Size  Used Avail Use% Mounted on
/dev/root        29G  2.8G   27G  10% /
NET:
2: eth0: <BROADCAST,MULTICAST,UP,LOWER_UP> mtu 1500 qdisc mq state UP mode DEFAULT group default qlen 1000
--- Tue Sep  9 22:58:31 UTC 2025 ---
CPU:  22:58:31 up 28 min,  2 users,  load average: 0.00, 0.00, 0.03
MEMORY:
               total        used        free      shared  buff/cache   available
Mem:           6.8Gi       318Mi       5.7Gi       3.0Mi       821Mi       6.2Gi
Swap:             0B          0B          0B
DISK:
Filesystem      Size  Used Avail Use% Mounted on
/dev/root        29G  2.8G   27G  10% /
NET:
2: eth0: <BROADCAST,MULTICAST,UP,LOWER_UP> mtu 1500 qdisc mq state UP mode DEFAULT group default qlen 1000
--- Tue Sep  9 22:58:36 UTC 2025 ---
CPU:  22:58:36 up 28 min,  2 users,  load average: 0.00, 0.00, 0.03
MEMORY:
               total        used        free      shared  buff/cache   available
Mem:           6.8Gi       318Mi       5.7Gi       3.0Mi       821Mi       6.2Gi
Swap:             0B          0B          0B
DISK:
Filesystem      Size  Used Avail Use% Mounted on
/dev/root        29G  2.8G   27G  10% /
NET:
2: eth0: <BROADCAST,MULTICAST,UP,LOWER_UP> mtu 1500 qdisc mq state UP mode DEFAULT group default qlen 1000
--- Tue Sep  9 22:58:41 UTC 2025 ---
CPU:  22:58:41 up 28 min,  2 users,  load average: 0.00, 0.00, 0.03
MEMORY:
               total        used        free      shared  buff/cache   available
Mem:           6.8Gi       318Mi       5.7Gi       3.0Mi       821Mi       6.2Gi
Swap:             0B          0B          0B
DISK:
Filesystem      Size  Used Avail Use% Mounted on
/dev/root        29G  2.8G   27G  10% /
NET:
2: eth0: <BROADCAST,MULTICAST,UP,LOWER_UP> mtu 1500 qdisc mq state UP mode DEFAULT group default qlen 1000
--- Tue Sep  9 22:58:46 UTC 2025 ---
CPU:  22:58:46 up 28 min,  2 users,  load average: 0.00, 0.00, 0.03
MEMORY:
               total        used        free      shared  buff/cache   available
Mem:           6.8Gi       318Mi       5.7Gi       3.0Mi       821Mi       6.2Gi
Swap:             0B          0B          0B
DISK:
Filesystem      Size  Used Avail Use% Mounted on
/dev/root        29G  2.8G   27G  10% /
NET:
2: eth0: <BROADCAST,MULTICAST,UP,LOWER_UP> mtu 1500 qdisc mq state UP mode DEFAULT group default qlen 1000
--- Tue Sep  9 22:58:51 UTC 2025 ---
CPU:  22:58:51 up 28 min,  2 users,  load average: 0.00, 0.00, 0.03
MEMORY:
               total        used        free      shared  buff/cache   available
Mem:           6.8Gi       318Mi       5.7Gi       3.0Mi       821Mi       6.2Gi
Swap:             0B          0B          0B
DISK:
Filesystem      Size  Used Avail Use% Mounted on
/dev/root        29G  2.8G   27G  10% /
NET:
2: eth0: <BROADCAST,MULTICAST,UP,LOWER_UP> mtu 1500 qdisc mq state UP mode DEFAULT group default qlen 1000
--- Tue Sep  9 22:58:56 UTC 2025 ---
CPU:  22:58:56 up 28 min,  2 users,  load average: 0.00, 0.00, 0.03
MEMORY:
               total        used        free      shared  buff/cache   available
Mem:           6.8Gi       318Mi       5.7Gi       3.0Mi       821Mi       6.2Gi
Swap:             0B          0B          0B
DISK:
Filesystem      Size  Used Avail Use% Mounted on
/dev/root        29G  2.8G   27G  10% /
NET:
2: eth0: <BROADCAST,MULTICAST,UP,LOWER_UP> mtu 1500 qdisc mq state UP mode DEFAULT group default qlen 1000
--- Tue Sep  9 22:59:01 UTC 2025 ---
CPU:  22:59:01 up 28 min,  2 users,  load average: 0.00, 0.00, 0.03
MEMORY:
               total        used        free      shared  buff/cache   available
Mem:           6.8Gi       318Mi       5.7Gi       3.0Mi       821Mi       6.2Gi
Swap:             0B          0B          0B
DISK:
Filesystem      Size  Used Avail Use% Mounted on
/dev/root        29G  2.8G   27G  10% /
NET:
2: eth0: <BROADCAST,MULTICAST,UP,LOWER_UP> mtu 1500 qdisc mq state UP mode DEFAULT group default qlen 1000
--- Tue Sep  9 22:59:06 UTC 2025 ---
CPU:  22:59:06 up 28 min,  2 users,  load average: 0.00, 0.00, 0.03
MEMORY:
               total        used        free      shared  buff/cache   available
Mem:           6.8Gi       318Mi       5.7Gi       3.0Mi       821Mi       6.2Gi
Swap:             0B          0B          0B
DISK:
Filesystem      Size  Used Avail Use% Mounted on
/dev/root        29G  2.8G   27G  10% /
NET:
2: eth0: <BROADCAST,MULTICAST,UP,LOWER_UP> mtu 1500 qdisc mq state UP mode DEFAULT group default qlen 1000
--- Tue Sep  9 22:59:11 UTC 2025 ---
CPU:  22:59:11 up 28 min,  2 users,  load average: 0.00, 0.00, 0.02
MEMORY:
               total        used        free      shared  buff/cache   available
Mem:           6.8Gi       318Mi       5.7Gi       3.0Mi       821Mi       6.2Gi
Swap:             0B          0B          0B
DISK:
Filesystem      Size  Used Avail Use% Mounted on
/dev/root        29G  2.8G   27G  10% /
NET:
2: eth0: <BROADCAST,MULTICAST,UP,LOWER_UP> mtu 1500 qdisc mq state UP mode DEFAULT group default qlen 1000
--- Tue Sep  9 22:59:16 UTC 2025 ---
CPU:  22:59:16 up 29 min,  2 users,  load average: 0.00, 0.00, 0.02
MEMORY:
               total        used        free      shared  buff/cache   available
Mem:           6.8Gi       318Mi       5.7Gi       3.0Mi       821Mi       6.2Gi
Swap:             0B          0B          0B
DISK:
Filesystem      Size  Used Avail Use% Mounted on
/dev/root        29G  2.8G   27G  10% /
NET:
2: eth0: <BROADCAST,MULTICAST,UP,LOWER_UP> mtu 1500 qdisc mq state UP mode DEFAULT group default qlen 1000
--- Tue Sep  9 22:59:21 UTC 2025 ---
CPU:  22:59:21 up 29 min,  2 users,  load average: 0.00, 0.00, 0.02
MEMORY:
               total        used        free      shared  buff/cache   available
Mem:           6.8Gi       318Mi       5.7Gi       3.0Mi       821Mi       6.2Gi
Swap:             0B          0B          0B
DISK:
Filesystem      Size  Used Avail Use% Mounted on
